Component: ARM Compiler 5.06 update 4 (build 422) Tool: armlink [4d35d2]

==============================================================================

Section Cross References

    startup_stm32f407xx.o(RESET) refers to startup_stm32f407xx.o(STACK) for __initial_sp
    startup_stm32f407xx.o(RESET) refers to startup_stm32f407xx.o(.text) for Reset_Handler
    startup_stm32f407xx.o(RESET) refers to stm32f4xx_it.o(i.SysTick_Handler) for SysTick_Handler
    startup_stm32f407xx.o(RESET) refers to midi.o(i.USART2_IRQHandler) for USART2_IRQHandler
    startup_stm32f407xx.o(RESET) refers to stm32f4xx_it.o(i.DMA1_Stream7_IRQHandler) for DMA1_Stream7_IRQHandler
    startup_stm32f407xx.o(RESET) refers to stm32f4xx_it.o(i.OTG_FS_IRQHandler) for OTG_FS_IRQHandler
    startup_stm32f407xx.o(.text) refers to system_stm32f4xx.o(i.SystemInit) for SystemInit
    startup_stm32f407xx.o(.text) refers to entry.o(.ARM.Collect$$$$00000000) for __main
    stm32f4xx_hal_i2s_ex.o(i.HAL_I2SEx_FullDuplex_IRQHandler) refers to stm32f4xx_hal_i2s_ex.o(i.I2SEx_FullDuplexTx_IT) for I2SEx_FullDuplexTx_IT
    stm32f4xx_hal_i2s_ex.o(i.HAL_I2SEx_FullDuplex_IRQHandler) refers to stm32f4xx_hal_i2s_ex.o(i.I2SEx_FullDuplexRx_IT) for I2SEx_FullDuplexRx_IT
    stm32f4xx_hal_i2s_ex.o(i.HAL_I2SEx_FullDuplex_IRQHandler) refers to stm32f4_discovery_audio.o(i.HAL_I2S_ErrorCallback) for HAL_I2S_ErrorCallback
    stm32f4xx_hal_i2s_ex.o(i.HAL_I2SEx_TransmitReceive) refers to stm32f4xx_hal_i2s_ex.o(i.I2SEx_FullDuplexWaitFlagStateUntilTimeout) for I2SEx_FullDuplexWaitFlagStateUntilTimeout
    stm32f4xx_hal_i2s_ex.o(i.HAL_I2SEx_TransmitReceive) refers to stm32f4_discovery_audio.o(i.HAL_I2S_ErrorCallback) for HAL_I2S_ErrorCallback
    stm32f4xx_hal_i2s_ex.o(i.HAL_I2SEx_TransmitReceive_DMA) refers to stm32f4xx_hal_dma.o(i.HAL_DMA_Start_IT) for HAL_DMA_Start_IT
    stm32f4xx_hal_i2s_ex.o(i.HAL_I2SEx_TransmitReceive_DMA) refers to stm32f4xx_hal_i2s_ex.o(i.I2SEx_TxRxDMAHalfCplt) for I2SEx_TxRxDMAHalfCplt
    stm32f4xx_hal_i2s_ex.o(i.HAL_I2SEx_TransmitReceive_DMA) refers to stm32f4xx_hal_i2s_ex.o(i.I2SEx_TxRxDMACplt) for I2SEx_TxRxDMACplt
    stm32f4xx_hal_i2s_ex.o(i.HAL_I2SEx_TransmitReceive_DMA) refers to stm32f4xx_hal_i2s_ex.o(i.I2SEx_TxRxDMAError) for I2SEx_TxRxDMAError
    stm32f4xx_hal_i2s_ex.o(i.HAL_I2SEx_TransmitReceive_IT) refers to stm32f4xx_hal_i2s_ex.o(i.HAL_I2SEx_TxRxCpltCallback) for HAL_I2SEx_TxRxCpltCallback
    stm32f4xx_hal_i2s_ex.o(i.I2SEx_FullDuplexRx_IT) refers to stm32f4xx_hal_i2s_ex.o(i.HAL_I2SEx_TxRxCpltCallback) for HAL_I2SEx_TxRxCpltCallback
    stm32f4xx_hal_i2s_ex.o(i.I2SEx_FullDuplexTx_IT) refers to stm32f4xx_hal_i2s_ex.o(i.HAL_I2SEx_TxRxCpltCallback) for HAL_I2SEx_TxRxCpltCallback
    stm32f4xx_hal_i2s_ex.o(i.I2SEx_FullDuplexWaitFlagStateUntilTimeout) refers to stm32f4xx_hal.o(i.HAL_GetTick) for HAL_GetTick
    stm32f4xx_hal_i2s_ex.o(i.I2SEx_TxRxDMACplt) refers to stm32f4xx_hal_i2s_ex.o(i.HAL_I2SEx_TxRxCpltCallback) for HAL_I2SEx_TxRxCpltCallback
    stm32f4xx_hal_i2s_ex.o(i.I2SEx_TxRxDMAError) refers to stm32f4_discovery_audio.o(i.HAL_I2S_ErrorCallback) for HAL_I2S_ErrorCallback
    stm32f4xx_hal_i2s_ex.o(i.I2SEx_TxRxDMAHalfCplt) refers to stm32f4xx_hal_i2s_ex.o(i.HAL_I2SEx_TxRxHalfCpltCallback) for HAL_I2SEx_TxRxHalfCpltCallback
    stm32f4xx_hal_dma.o(i.DMA_CalcBaseAndBitshift) refers to stm32f4xx_hal_dma.o(.constdata) for flagBitshiftOffset
    stm32f4xx_hal_dma.o(i.HAL_DMA_Abort) refers to stm32f4xx_hal.o(i.HAL_GetTick) for HAL_GetTick
    stm32f4xx_hal_dma.o(i.HAL_DMA_DeInit) refers to stm32f4xx_hal_dma.o(i.DMA_CalcBaseAndBitshift) for DMA_CalcBaseAndBitshift
    stm32f4xx_hal_dma.o(i.HAL_DMA_IRQHandler) refers to system_stm32f4xx.o(.data) for SystemCoreClock
    stm32f4xx_hal_dma.o(i.HAL_DMA_Init) refers to stm32f4xx_hal.o(i.HAL_GetTick) for HAL_GetTick
    stm32f4xx_hal_dma.o(i.HAL_DMA_Init) refers to stm32f4xx_hal_dma.o(i.DMA_CheckFifoParam) for DMA_CheckFifoParam
    stm32f4xx_hal_dma.o(i.HAL_DMA_Init) refers to stm32f4xx_hal_dma.o(i.DMA_CalcBaseAndBitshift) for DMA_CalcBaseAndBitshift
    stm32f4xx_hal_dma.o(i.HAL_DMA_PollForTransfer) refers to stm32f4xx_hal.o(i.HAL_GetTick) for HAL_GetTick
    stm32f4xx_hal_dma.o(i.HAL_DMA_PollForTransfer) refers to stm32f4xx_hal_dma.o(i.HAL_DMA_Abort) for HAL_DMA_Abort
    stm32f4xx_hal_dma.o(i.HAL_DMA_Start) refers to stm32f4xx_hal_dma.o(i.DMA_SetConfig) for DMA_SetConfig
    stm32f4xx_hal_dma.o(i.HAL_DMA_Start_IT) refers to stm32f4xx_hal_dma.o(i.DMA_SetConfig) for DMA_SetConfig
    stm32f4xx_hal_rcc_ex.o(i.HAL_RCCEx_DisablePLLI2S) refers to stm32f4xx_hal.o(i.HAL_GetTick) for HAL_GetTick
    stm32f4xx_hal_rcc_ex.o(i.HAL_RCCEx_EnablePLLI2S) refers to stm32f4xx_hal.o(i.HAL_GetTick) for HAL_GetTick
    stm32f4xx_hal_rcc_ex.o(i.HAL_RCCEx_PeriphCLKConfig) refers to stm32f4xx_hal.o(i.HAL_GetTick) for HAL_GetTick
    stm32f4xx_hal_rcc_ex.o(i.HAL_RCC_DeInit) refers to stm32f4xx_hal.o(i.HAL_GetTick) for HAL_GetTick
[...]
    ..\Src\Synth.c                           0x00000000   Number         0  synth.o ABSOLUTE
    ..\Src\VoxManager.c                      0x00000000   Number         0  voxmanager.o ABSOLUTE
    ..\Src\main.c                            0x00000000   Number         0  main.o ABSOLUTE
    ..\Src\noteTable.c                       0x00000000   Number         0  notetable.o ABSOLUTE
    ..\Src\stm32f4xx_hal_msp.c               0x00000000   Number         0  stm32f4xx_hal_msp.o ABSOLUTE
    ..\Src\stm32f4xx_it.c                    0x00000000   Number         0  stm32f4xx_it.o ABSOLUTE
    ..\\Drivers\\Audio\\stm32f4_discovery.c  0x00000000   Number         0  stm32f4_discovery.o ABSOLUTE
    ..\\Drivers\\Audio\\stm32f4_discovery_audio.c 0x00000000   Number         0  stm32f4_discovery_audio.o ABSOLUTE
    ..\\Src\\AlgManager.c                    0x00000000   Number         0  algmanager.o ABSOLUTE
    ..\\Src\\Buttons.c                       0x00000000   Number         0  buttons.o ABSOLUTE
    ..\\Src\\Control.c                       0x00000000   Number         0  control.o ABSOLUTE
    ..\\Src\\Envelope.c                      0x00000000   Number         0  envelope.o ABSOLUTE
    ..\\Src\\LED.c                           0x00000000   Number         0  led.o ABSOLUTE
    ..\\Src\\MIDI.c                          0x00000000   Number         0  midi.o ABSOLUTE
    ..\\Src\\Operator.c                      0x00000000   Number         0  operator.o ABSOLUTE
    ..\\Src\\Oscillator.c                    0x00000000   Number         0  oscillator.o ABSOLUTE
    ..\\Src\\OutputMixer.c                   0x00000000   Number         0  outputmixer.o ABSOLUTE
    ..\\Src\\Presets.c                       0x00000000   Number         0  presets.o ABSOLUTE
    ..\\Src\\Synth.c                         0x00000000   Number         0  synth.o ABSOLUTE
    ..\\Src\\VoxManager.c                    0x00000000   Number         0  voxmanager.o ABSOLUTE
    ..\\Src\system_stm32f4xx.c               0x00000000   Number         0  system_stm32f4xx.o ABSOLUTE
    dc.s                                     0x00000000   Number         0  dc.o ABSOLUTE
    handlers.s                               0x00000000   Number         0  handlers.o ABSOLUTE
    init.s                                   0x00000000   Number         0  init.o ABSOLUTE
    startup_stm32f407xx.s                    0x00000000   Number         0  startup_stm32f407xx.o ABSOLUTE
    RESET                                    0x08000000   Section      392  startup_stm32f407xx.o(RESET)
    .ARM.Collect$$$$00000000                 0x08000188   Section        0  entry.o(.ARM.Collect$$$$00000000)
    .ARM.Collect$$$$00000001                 0x08000188   Section        4  entry2.o(.ARM.Collect$$$$00000001)
    .ARM.Collect$$$$00000004                 0x0800018c   Section        4  entry5.o(.ARM.Collect$$$$00000004)
    .ARM.Collect$$$$00000008                 0x08000190   Section        0  entry7b.o(.ARM.Collect$$$$00000008)
    .ARM.Collect$$$$0000000A                 0x08000190   Section        0  entry8b.o(.ARM.Collect$$$$0000000A)
    .ARM.Collect$$$$0000000B                 0x08000190   Section        8  entry9a.o(.ARM.Collect$$$$0000000B)
    .ARM.Collect$$$$0000000D                 0x08000198   Section        0  entry10a.o(.ARM.Collect$$$$0000000D)
    .ARM.Collect$$$$0000000F                 0x08000198   Section        0  entry11a.o(.ARM.Collect$$$$0000000F)
    .ARM.Collect$$$$00002712                 0x08000198   Section        4  entry2.o(.ARM.Collect$$$$00002712)
    __lit__00000000                          0x08000198   Data           4  entry2.o(.ARM.Collect$$$$00002712)
    .text                                    0x0800019c   Section       36  startup_stm32f407xx.o(.text)
    $v0                                      0x0800019c   Number         0  startup_stm32f407xx.o(.text)
    .text                                    0x080001c0   Section        0  uldiv.o(.text)
    .text                                    0x08000222   Section        0  dadd.o(.text)
    .text                                    0x08000370   Section        0  dmul.o(.text)
    .text                                    0x08000454   Section        0  ddiv.o(.text)
    .text                                    0x08000532   Section        0  dflti.o(.text)
    .text                                    0x08000554   Section        0  f2d.o(.text)
    .text                                    0x0800057a   Section        0  d2f.o(.text)
    .text                                    0x080005b2   Section        0  llshl.o(.text)
    .text                                    0x080005d0   Section        0  llushr.o(.text)
    .text                                    0x080005f0   Section        0  llsshr.o(.text)
    .text                                    0x08000614   Section        0  fepilogue.o(.text)
    .text                                    0x08000614   Section        0  iusefp.o(.text)
    .text                                    0x08000682   Section        0  depilogue.o(.text)
    .text                                    0x0800073c   Section       36  init.o(.text)
    .text                                    0x08000760   Section        0  dfltui.o(.text)
    .text                                    0x0800077a   Section        0  dfixi.o(.text)
    i.AUDIO_IO_DeInit                        0x080007b8   Section        0  stm32f4_discovery.o(i.AUDIO_IO_DeInit)
    i.AUDIO_IO_Init                          0x080007bc   Section        0  stm32f4_discovery.o(i.AUDIO_IO_Init)
    i.AUDIO_IO_Read                          0x08000828   Section        0  stm32f4_discovery.o(i.AUDIO_IO_Read)
    i.AUDIO_IO_Write                         0x08000838   Section        0  stm32f4_discovery.o(i.AUDIO_IO_Write)
    i.BSP_AUDIO_OUT_ChangeBuffer             0x0800084c   Section        0  stm32f4_discovery_audio.o(i.BSP_AUDIO_OUT_ChangeBuffer)
    i.BSP_AUDIO_OUT_ClockConfig              0x08000864   Section        0  stm32f4_discovery_audio.o(i.BSP_AUDIO_OUT_ClockConfig)
    i.BSP_AUDIO_OUT_Error_CallBack           0x080008d8   Section        0  stm32f4_discovery_audio.o(i.BSP_AUDIO_OUT_Error_CallBack)
    i.BSP_AUDIO_OUT_HalfTransfer_CallBack    0x080008dc   Section        0  main.o(i.BSP_AUDIO_OUT_HalfTransfer_CallBack)
    i.BSP_AUDIO_OUT_Init                     0x080008f4   Section        0  stm32f4_discovery_audio.o(i.BSP_AUDIO_OUT_Init)
    i.BSP_AUDIO_OUT_MspInit                  0x08000970   Section        0  stm32f4_discovery_audio.o(i.BSP_AUDIO_OUT_MspInit)
    i.BSP_AUDIO_OUT_Play                     0x08000adc   Section        0  stm32f4_discovery_audio.o(i.BSP_AUDIO_OUT_Play)
    i.BSP_AUDIO_OUT_TransferComplete_CallBack 0x08000b20   Section        0  main.o(i.BSP_AUDIO_OUT_TransferComplete_CallBack)
    i.BSP_LED_Off                            0x08000b48   Section        0  stm32f4_discovery.o(i.BSP_LED_Off)
    i.BSP_LED_On                             0x08000b68   Section        0  stm32f4_discovery.o(i.BSP_LED_On)
    i.BTN_Get                                0x08000b88   Section        0  buttons.o(i.BTN_Get)
    i.BTN_Init                               0x08000b98   Section        0  buttons.o(i.BTN_Init)
    i.CODEC_IO_Write                         0x08000bd8   Section        0  cs43l22.o(i.CODEC_IO_Write)
    CODEC_IO_Write                           0x08000bd9   Thumb Code    28  cs43l22.o(i.CODEC_IO_Write)
    i.ControlCC                              0x08000bf4   Section        0  control.o(i.ControlCC)
    i.DMA1_Stream7_IRQHandler                0x08000ea8   Section        0  stm32f4xx_it.o(i.DMA1_Stream7_IRQHandler)
    i.DMA_CalcBaseAndBitshift                0x08000eb8   Section        0  stm32f4xx_hal_dma.o(i.DMA_CalcBaseAndBitshift)
    DMA_CalcBaseAndBitshift                  0x08000eb9   Thumb Code    46  stm32f4xx_hal_dma.o(i.DMA_CalcBaseAndBitshift)
    i.DMA_CheckFifoParam                     0x08000eec   Section        0  stm32f4xx_hal_dma.o(i.DMA_CheckFifoParam)
    DMA_CheckFifoParam                       0x08000eed   Thumb Code   170  stm32f4xx_hal_dma.o(i.DMA_CheckFifoParam)
    i.DMA_SetConfig                          0x08000f96   Section        0  stm32f4xx_hal_dma.o(i.DMA_SetConfig)
    DMA_SetConfig                            0x08000f97   Thumb Code    44  stm32f4xx_hal_dma.o(i.DMA_SetConfig)
    i.HAL_DMA_DeInit                         0x08000fc2   Section        0  stm32f4xx_hal_dma.o(i.HAL_DMA_DeInit)
    i.HAL_DMA_IRQHandler                     0x08001024   Section        0  stm32f4xx_hal_dma.o(i.HAL_DMA_IRQHandler)
    i.HAL_DMA_Init                           0x08001264   Section        0  stm32f4xx_hal_dma.o(i.HAL_DMA_Init)
    i.HAL_DMA_Start_IT                       0x08001350   Section        0  stm32f4xx_hal_dma.o(i.HAL_DMA_Start_IT)
    i.HAL_Delay                              0x080013f0   Section        0  stm32f4xx_hal.o(i.HAL_Delay)
    i.HAL_GPIO_DeInit                        0x08001418   Section        0  stm32f4xx_hal_gpio.o(i.HAL_GPIO_DeInit)
    i.HAL_GPIO_Init                          0x0800157c   Section        0  stm32f4xx_hal_gpio.o(i.HAL_GPIO_Init)
    i.HAL_GPIO_WritePin                      0x0800177c   Section        0  stm32f4xx_hal_gpio.o(i.HAL_GPIO_WritePin)
    i.HAL_GetTick                            0x08001788   Section        0  stm32f4xx_hal.o(i.HAL_GetTick)
    i.HAL_HCD_Connect_Callback               0x08001794   Section        0  stm32f4xx_hal_hcd.o(i.HAL_HCD_Connect_Callback)
    i.HAL_HCD_Disconnect_Callback            0x08001796   Section        0  stm32f4xx_hal_hcd.o(i.HAL_HCD_Disconnect_Callback)
    i.HAL_HCD_HC_NotifyURBChange_Callback    0x08001798   Section        0  stm32f4xx_hal_hcd.o(i.HAL_HCD_HC_NotifyURBChange_Callback)
    i.HAL_HCD_IRQHandler                     0x0800179a   Section        0  stm32f4xx_hal_hcd.o(i.HAL_HCD_IRQHandler)
    i.HAL_HCD_SOF_Callback                   0x08001900   Section        0  stm32f4xx_hal_hcd.o(i.HAL_HCD_SOF_Callback)
    i.HAL_I2C_DeInit                         0x08001902   Section        0  stm32f4xx_hal_i2c.o(i.HAL_I2C_DeInit)
    i.HAL_I2C_GetState                       0x0800193e   Section        0  stm32f4xx_hal_i2c.o(i.HAL_I2C_GetState)
    i.HAL_I2C_Init                           0x08001948   Section        0  stm32f4xx_hal_i2c.o(i.HAL_I2C_Init)
    i.HAL_I2C_Mem_Read                       0x08001a70   Section        0  stm32f4xx_hal_i2c.o(i.HAL_I2C_Mem_Read)
    i.HAL_I2C_Mem_Write                      0x08001d98   Section        0  stm32f4xx_hal_i2c.o(i.HAL_I2C_Mem_Write)
    i.HAL_I2C_MspDeInit                      0x08001f20   Section        0  stm32f4xx_hal_msp.o(i.HAL_I2C_MspDeInit)
    i.HAL_I2C_MspInit                        0x08001f50   Section        0  stm32f4xx_hal_msp.o(i.HAL_I2C_MspInit)
    i.HAL_I2SEx_FullDuplex_IRQHandler        0x08001fac   Section        0  stm32f4xx_hal_i2s_ex.o(i.HAL_I2SEx_FullDuplex_IRQHandler)
    i.HAL_I2SEx_TxRxCpltCallback             0x08002238   Section        0  stm32f4xx_hal_i2s_ex.o(i.HAL_I2SEx_TxRxCpltCallback)
    i.HAL_I2S_ErrorCallback                  0x0800223c   Section        0  stm32f4_discovery_audio.o(i.HAL_I2S_ErrorCallback)
    i.HAL_I2S_GetState                       0x08002254   Section        0  stm32f4xx_hal_i2s.o(i.HAL_I2S_GetState)
    i.HAL_I2S_Init                           0x0800225c   Section        0  stm32f4xx_hal_i2s.o(i.HAL_I2S_Init)
    i.HAL_I2S_MspInit                        0x08002420   Section        0  stm32f4xx_hal_msp.o(i.HAL_I2S_MspInit)
    i.HAL_I2S_RxCpltCallback                 0x08002498   Section        0  stm32f4xx_hal_i2s.o(i.HAL_I2S_RxCpltCallback)
    i.HAL_I2S_Transmit_DMA                   0x0800249c   Section        0  stm32f4xx_hal_i2s.o(i.HAL_I2S_Transmit_DMA)
    i.HAL_I2S_TxCpltCallback                 0x0800257c   Section        0  stm32f4_discovery_audio.o(i.HAL_I2S_TxCpltCallback)
    i.HAL_I2S_TxHalfCpltCallback             0x08002594   Section        0  stm32f4_discovery_audio.o(i.HAL_I2S_TxHalfCpltCallback)
    i.HAL_IncTick                            0x080025ac   Section        0  stm32f4xx_hal.o(i.HAL_IncTick)
    i.HAL_Init                               0x080025c4   Section        0  stm32f4xx_hal.o(i.HAL_Init)
    i.HAL_InitTick                           0x08002600   Section        0  stm32f4xx_hal.o(i.HAL_InitTick)
    i.HAL_MspInit                            0x0800264c   Section        0  stm32f4xx_hal_msp.o(i.HAL_MspInit)
    i.HAL_NVIC_EnableIRQ                     0x080026a2   Section        0  stm32f4xx_hal_cortex.o(i.HAL_NVIC_EnableIRQ)
    i.HAL_NVIC_SetPriority                   0x080026bc   Section        0  stm32f4xx_hal_cortex.o(i.HAL_NVIC_SetPriority)
    i.HAL_NVIC_SetPriorityGrouping           0x08002738   Section        0  stm32f4xx_hal_cortex.o(i.HAL_NVIC_SetPriorityGrouping)
    i.HAL_RCCEx_GetPeriphCLKConfig           0x08002760   Section        0  stm32f4xx_hal_rcc_ex.o(i.HAL_RCCEx_GetPeriphCLKConfig)
    i.HAL_RCCEx_GetPeriphCLKFreq             0x08002798   Section        0  stm32f4xx_hal_rcc_ex.o(i.HAL_RCCEx_GetPeriphCLKFreq)
    i.HAL_RCCEx_PeriphCLKConfig              0x08002828   Section        0  stm32f4xx_hal_rcc_ex.o(i.HAL_RCCEx_PeriphCLKConfig)
    i.HAL_RCC_ClockConfig                    0x080029c8   Section        0  stm32f4xx_hal_rcc.o(i.HAL_RCC_ClockConfig)
    i.HAL_RCC_GetHCLKFreq                    0x08002b48   Section        0  stm32f4xx_hal_rcc.o(i.HAL_RCC_GetHCLKFreq)
    i.HAL_RCC_GetPCLK1Freq                   0x08002b54   Section        0  stm32f4xx_hal_rcc.o(i.HAL_RCC_GetPCLK1Freq)
    i.HAL_RCC_GetSysClockFreq                0x08002b74   Section        0  stm32f4xx_hal_rcc.o(i.HAL_RCC_GetSysClockFreq)
    i.HAL_RCC_OscConfig                      0x08002c24   Section        0  stm32f4xx_hal_rcc.o(i.HAL_RCC_OscConfig)
    i.HAL_SYSTICK_CLKSourceConfig            0x0800306c   Section        0  stm32f4xx_hal_cortex.o(i.HAL_SYSTICK_CLKSourceConfig)
    i.HAL_SYSTICK_Callback                   0x08003094   Section        0  stm32f4xx_hal_cortex.o(i.HAL_SYSTICK_Callback)
    i.HAL_SYSTICK_Config                     0x08003096   Section        0  stm32f4xx_hal_cortex.o(i.HAL_SYSTICK_Config)
    i.HAL_SYSTICK_IRQHandler                 0x080030ca   Section        0  stm32f4xx_hal_cortex.o(i.HAL_SYSTICK_IRQHandler)
    i.HCD_HC_IN_IRQHandler                   0x080030d2   Section        0  stm32f4xx_hal_hcd.o(i.HCD_HC_IN_IRQHandler)
    HCD_HC_IN_IRQHandler                     0x080030d3   Thumb Code  1266  stm32f4xx_hal_hcd.o(i.HCD_HC_IN_IRQHandler)
    i.HCD_HC_OUT_IRQHandler                  0x080035c4   Section        0  stm32f4xx_hal_hcd.o(i.HCD_HC_OUT_IRQHandler)
    HCD_HC_OUT_IRQHandler                    0x080035c5   Thumb Code  1232  stm32f4xx_hal_hcd.o(i.HCD_HC_OUT_IRQHandler)
    i.HCD_Port_IRQHandler                    0x08003a94   Section        0  stm32f4xx_hal_hcd.o(i.HCD_Port_IRQHandler)
    HCD_Port_IRQHandler                      0x08003a95   Thumb Code   210  stm32f4xx_hal_hcd.o(i.HCD_Port_IRQHandler)
    i.HCD_RXQLVL_IRQHandler                  0x08003b68   Section        0  stm32f4xx_hal_hcd.o(i.HCD_RXQLVL_IRQHandler)
    HCD_RXQLVL_IRQHandler                    0x08003b69   Thumb Code   260  stm32f4xx_hal_hcd.o(i.HCD_RXQLVL_IRQHandler)
    i.I2C_IsAcknowledgeFailed                0x08003c70   Section        0  stm32f4xx_hal_i2c.o(i.I2C_IsAcknowledgeFailed)
    I2C_IsAcknowledgeFailed                  0x08003c71   Thumb Code    52  stm32f4xx_hal_i2c.o(i.I2C_IsAcknowledgeFailed)
    i.I2C_RequestMemoryRead                  0x08003ca4   Section        0  stm32f4xx_hal_i2c.o(i.I2C_RequestMemoryRead)
    I2C_RequestMemoryRead                    0x08003ca5   Thumb Code   340  stm32f4xx_hal_i2c.o(i.I2C_RequestMemoryRead)
    i.I2C_RequestMemoryWrite                 0x08003dfc   Section        0  stm32f4xx_hal_i2c.o(i.I2C_RequestMemoryWrite)
    I2C_RequestMemoryWrite                   0x08003dfd   Thumb Code   218  stm32f4xx_hal_i2c.o(i.I2C_RequestMemoryWrite)
    i.I2C_WaitOnBTFFlagUntilTimeout          0x08003edc   Section        0  stm32f4xx_hal_i2c.o(i.I2C_WaitOnBTFFlagUntilTimeout)
    I2C_WaitOnBTFFlagUntilTimeout            0x08003edd   Thumb Code    86  stm32f4xx_hal_i2c.o(i.I2C_WaitOnBTFFlagUntilTimeout)
    i.I2C_WaitOnFlagUntilTimeout             0x08003f32   Section        0  stm32f4xx_hal_i2c.o(i.I2C_WaitOnFlagUntilTimeout)
    I2C_WaitOnFlagUntilTimeout               0x08003f33   Thumb Code   124  stm32f4xx_hal_i2c.o(i.I2C_WaitOnFlagUntilTimeout)
    i.I2C_WaitOnMasterAddressFlagUntilTimeout 0x08003fae   Section        0  stm32f4xx_hal_i2c.o(i.I2C_WaitOnMasterAddressFlagUntilTimeout)
    I2C_WaitOnMasterAddressFlagUntilTimeout  0x08003faf   Thumb Code   172  stm32f4xx_hal_i2c.o(i.I2C_WaitOnMasterAddressFlagUntilTimeout)
    i.I2C_WaitOnRXNEFlagUntilTimeout         0x0800405a   Section        0  stm32f4xx_hal_i2c.o(i.I2C_WaitOnRXNEFlagUntilTimeout)
    I2C_WaitOnRXNEFlagUntilTimeout           0x0800405b   Thumb Code   110  stm32f4xx_hal_i2c.o(i.I2C_WaitOnRXNEFlagUntilTimeout)
    i.I2C_WaitOnTXEFlagUntilTimeout          0x080040c8   Section        0  stm32f4xx_hal_i2c.o(i.I2C_WaitOnTXEFlagUntilTimeout)
    I2C_WaitOnTXEFlagUntilTimeout            0x080040c9   Thumb Code    86  stm32f4xx_hal_i2c.o(i.I2C_WaitOnTXEFlagUntilTimeout)
    i.I2Cx_Error                             0x08004120   Section        0  stm32f4_discovery.o(i.I2Cx_Error)
    I2Cx_Error                               0x08004121   Thumb Code    16  stm32f4_discovery.o(i.I2Cx_Error)
    i.I2Cx_Init                              0x08004134   Section        0  stm32f4_discovery.o(i.I2Cx_Init)
    I2Cx_Init                                0x08004135   Thumb Code    50  stm32f4_discovery.o(i.I2Cx_Init)
    i.I2Cx_MspInit                           0x08004174   Section        0  stm32f4_discovery.o(i.I2Cx_MspInit)
    I2Cx_MspInit                             0x08004175   Thumb Code   164  stm32f4_discovery.o(i.I2Cx_MspInit)
    i.I2Cx_ReadData                          0x08004220   Section        0  stm32f4_discovery.o(i.I2Cx_ReadData)
    I2Cx_ReadData                            0x08004221   Thumb Code    56  stm32f4_discovery.o(i.I2Cx_ReadData)
    i.I2Cx_WriteData                         0x08004260   Section        0  stm32f4_discovery.o(i.I2Cx_WriteData)
    I2Cx_WriteData                           0x08004261   Thumb Code    50  stm32f4_discovery.o(i.I2Cx_WriteData)
    i.I2S3_Init                              0x0800429c   Section        0  stm32f4_discovery_audio.o(i.I2S3_Init)
    I2S3_Init                                0x0800429d   Thumb Code    72  stm32f4_discovery_audio.o(i.I2S3_Init)
    i.I2SEx_FullDuplexRx_IT                  0x080042ec   Section        0  stm32f4xx_hal_i2s_ex.o(i.I2SEx_FullDuplexRx_IT)
    I2SEx_FullDuplexRx_IT                    0x080042ed   Thumb Code   162  stm32f4xx_hal_i2s_ex.o(i.I2SEx_FullDuplexRx_IT)
    i.I2SEx_FullDuplexTx_IT                  0x08004398   Section        0  stm32f4xx_hal_i2s_ex.o(i.I2SEx_FullDuplexTx_IT)
    I2SEx_FullDuplexTx_IT                    0x08004399   Thumb Code   158  stm32f4xx_hal_i2s_ex.o(i.I2SEx_FullDuplexTx_IT)
    i.I2S_DMAError                           0x08004440   Section        0  stm32f4xx_hal_i2s.o(i.I2S_DMAError)
    I2S_DMAError                             0x08004441   Thumb Code    46  stm32f4xx_hal_i2s.o(i.I2S_DMAError)
    i.I2S_DMATxCplt                          0x0800446e   Section        0  stm32f4xx_hal_i2s.o(i.I2S_DMATxCplt)
    I2S_DMATxCplt                            0x0800446f   Thumb Code    46  stm32f4xx_hal_i2s.o(i.I2S_DMATxCplt)
    i.I2S_DMATxHalfCplt                      0x0800449c   Section        0  stm32f4xx_hal_i2s.o(i.I2S_DMATxHalfCplt)
    I2S_DMATxHalfCplt                        0x0800449d   Thumb Code    14  stm32f4xx_hal_i2s.o(i.I2S_DMATxHalfCplt)
    i.I2S_IRQHandler                         0x080044aa   Section        0  stm32f4xx_hal_i2s.o(i.I2S_IRQHandler)
    I2S_IRQHandler                           0x080044ab   Thumb Code   224  stm32f4xx_hal_i2s.o(i.I2S_IRQHandler)
    i.I2S_Receive_IT                         0x0800458a   Section        0  stm32f4xx_hal_i2s.o(i.I2S_Receive_IT)
    I2S_Receive_IT                           0x0800458b   Thumb Code    56  stm32f4xx_hal_i2s.o(i.I2S_Receive_IT)
    i.I2S_Transmit_IT                        0x080045c2   Section        0  stm32f4xx_hal_i2s.o(i.I2S_Transmit_IT)
    I2S_Transmit_IT                          0x080045c3   Thumb Code    54  stm32f4xx_hal_i2s.o(i.I2S_Transmit_IT)
    i.LED_Dance                              0x080045f8   Section        0  led.o(i.LED_Dance)
    i.MX_GPIO_Init                           0x08004624   Section        0  main.o(i.MX_GPIO_Init)
    MX_GPIO_Init                             0x08004625   Thumb Code   418  main.o(i.MX_GPIO_Init)
    i.NVIC_GetPriorityGrouping               0x080047e4   Section        0  stm32f4xx_hal_cortex.o(i.NVIC_GetPriorityGrouping)
    NVIC_GetPriorityGrouping                 0x080047e5   Thumb Code    10  stm32f4xx_hal_cortex.o(i.NVIC_GetPriorityGrouping)
    i.NVIC_SetPriority                       0x080047f4   Section        0  stm32f4xx_hal_cortex.o(i.NVIC_SetPriority)
    NVIC_SetPriority                         0x080047f5   Thumb Code    32  stm32f4xx_hal_cortex.o(i.NVIC_SetPriority)
    i.OTG_FS_IRQHandler                      0x0800481c   Section        0  stm32f4xx_it.o(i.OTG_FS_IRQHandler)
    i.PB_FTDI_Init                           0x0800482c   Section        0  midi.o(i.PB_FTDI_Init)
    i.PB_FTDI_Receive                        0x0800490c   Section        0  midi.o(i.PB_FTDI_Receive)
    i.SysTick_Handler                        0x08004934   Section        0  stm32f4xx_it.o(i.SysTick_Handler)
    i.SystemClock_Config                     0x08004940   Section        0  main.o(i.SystemClock_Config)
    i.SystemInit                             0x08004a3c   Section        0  system_stm32f4xx.o(i.SystemInit)
    i.USART2_IRQHandler                      0x08004aa0   Section        0  midi.o(i.USART2_IRQHandler)
    i.USB_GetMode                            0x08004abc   Section        0  stm32f4xx_ll_usb.o(i.USB_GetMode)
    i.USB_HC_Halt                            0x08004ac6   Section        0  stm32f4xx_ll_usb.o(i.USB_HC_Halt)
    i.USB_HC_ReadInterrupt                   0x08004c0e   Section        0  stm32f4xx_ll_usb.o(i.USB_HC_ReadInterrupt)
    i.USB_InitFSLSPClkSel                    0x08004c1a   Section        0  stm32f4xx_ll_usb.o(i.USB_InitFSLSPClkSel)
    i.USB_ReadInterrupts                     0x08004c58   Section        0  stm32f4xx_ll_usb.o(i.USB_ReadInterrupts)
    i.USB_ReadPacket                         0x08004c64   Section        0  stm32f4xx_ll_usb.o(i.USB_ReadPacket)
    i.VelocityConnect                        0x08004c88   Section        0  control.o(i.VelocityConnect)
    i._Error_Handler                         0x08004cdc   Section        0  main.o(i._Error_Handler)
    i.__ARM_fpclassify                       0x08004ce0   Section        0  fpclassify.o(i.__ARM_fpclassify)
    i.__hardfp_sin                           0x08004d10   Section        0  sin.o(i.__hardfp_sin)
    i.__ieee754_rem_pio2                     0x08004dd8   Section        0  rred.o(i.__ieee754_rem_pio2)
    i.__kernel_cos                           0x08005210   Section        0  cos_i.o(i.__kernel_cos)
    i.__kernel_poly                          0x08005380   Section        0  poly.o(i.__kernel_poly)
    i.__kernel_sin                           0x08005478   Section        0  sin_i.o(i.__kernel_sin)
    i.__mathlib_dbl_infnan                   0x080055a8   Section        0  dunder.o(i.__mathlib_dbl_infnan)
    i.__mathlib_dbl_invalid                  0x080055c0   Section        0  dunder.o(i.__mathlib_dbl_invalid)
    i.__mathlib_dbl_underflow                0x080055e0   Section        0  dunder.o(i.__mathlib_dbl_underflow)
    i.__scatterload_copy                     0x08005600   Section       14  handlers.o(i.__scatterload_copy)
    i.__scatterload_null                     0x0800560e   Section        2  handlers.o(i.__scatterload_null)
    i.__scatterload_zeroinit                 0x08005610   Section       14  handlers.o(i.__scatterload_zeroinit)
    i.__set_errno                            0x08005620   Section        0  errno.o(i.__set_errno)
    i.alg1                                   0x0800562c   Section        0  algmanager.o(i.alg1)
    i.alg2                                   0x0800570c   Section        0  algmanager.o(i.alg2)
    i.alg3                                   0x080057e8   Section        0  algmanager.o(i.alg3)
    i.alg4                                   0x080058c4   Section        0  algmanager.o(i.alg4)
    i.alg5                                   0x080059a0   Section        0  algmanager.o(i.alg5)
    i.algTic                                 0x08005a78   Section        0  algmanager.o(i.algTic)
    i.algsConnect                            0x08005aa0   Section        0  algmanager.o(i.algsConnect)
    i.attackSet                              0x08005ad0   Section        0  envelope.o(i.attackSet)
    i.btnCount                               0x08005afc   Section        0  control.o(i.btnCount)
    i.castOutput                             0x08005b6c   Section        0  outputmixer.o(i.castOutput)
    i.cs43l22_DeInit                         0x08005bb8   Section        0  cs43l22.o(i.cs43l22_DeInit)
    i.cs43l22_Init                           0x08005bc0   Section        0  cs43l22.o(i.cs43l22_Init)
    i.cs43l22_Pause                          0x08005cc4   Section        0  cs43l22.o(i.cs43l22_Pause)
    i.cs43l22_Play                           0x08005ce4   Section        0  cs43l22.o(i.cs43l22_Play)
    i.cs43l22_ReadID                         0x08005d2c   Section        0  cs43l22.o(i.cs43l22_ReadID)
    i.cs43l22_Reset                          0x08005d46   Section        0  cs43l22.o(i.cs43l22_Reset)
    i.cs43l22_Resume                         0x08005d4c   Section        0  cs43l22.o(i.cs43l22_Resume)
    i.cs43l22_SetFrequency                   0x08005d94   Section        0  cs43l22.o(i.cs43l22_SetFrequency)
    i.cs43l22_SetMute                        0x08005d9c   Section        0  cs43l22.o(i.cs43l22_SetMute)
    i.cs43l22_SetOutputMode                  0x08005dfc   Section        0  cs43l22.o(i.cs43l22_SetOutputMode)
    i.cs43l22_SetVolume                      0x08005e84   Section        0  cs43l22.o(i.cs43l22_SetVolume)
    i.cs43l22_Stop                           0x08005ef0   Section        0  cs43l22.o(i.cs43l22_Stop)
    i.decaySet                               0x08005f28   Section        0  envelope.o(i.decaySet)
    i.envCalc                                0x08005f5c   Section        0  envelope.o(i.envCalc)
    i.envInit                                0x08005f9c   Section        0  envelope.o(i.envInit)
    i.envSet                                 0x08005fd8   Section        0  envelope.o(i.envSet)
    i.envState                               0x08006014   Section        0  envelope.o(i.envState)
    i.envTic                                 0x080060dc   Section        0  envelope.o(i.envTic)
    i.fabs                                   0x08006142   Section        0  fabs.o(i.fabs)
    i.generateSineTable                      0x0800615c   Section        0  oscillator.o(i.generateSineTable)
    i.linkVoxParamaters                      0x080061f4   Section        0  voxmanager.o(i.linkVoxParamaters)
    i.main                                   0x0800629c   Section        0  main.o(i.main)
    i.midiInit                               0x08006368   Section        0  midi.o(i.midiInit)
    i.noteToFreq                             0x0800636c   Section        0  notetable.o(i.noteToFreq)
    i.opConnect                              0x08006384   Section        0  algmanager.o(i.opConnect)
    i.opInit                                 0x080063c0   Section        0  algmanager.o(i.opInit)
    i.opSet                                  0x080063f4   Section        0  operator.o(i.opSet)
    i.opTic                                  0x08006402   Section        0  operator.o(i.opTic)
    i.opTicker                               0x0800646a   Section        0  algmanager.o(i.opTicker)
    i.oscInit                                0x0800648c   Section        0  oscillator.o(i.oscInit)
    i.oscSetFreq                             0x080064bc   Section        0  oscillator.o(i.oscSetFreq)
    i.oscSetPhaseInc                         0x080064d0   Section        0  oscillator.o(i.oscSetPhaseInc)
    i.oscTic                                 0x080064f4   Section        0  oscillator.o(i.oscTic)
    i.preset1                                0x08006558   Section        0  presets.o(i.preset1)
    i.preset2                                0x0800662c   Section        0  presets.o(i.preset2)
    i.preset3                                0x08006708   Section        0  presets.o(i.preset3)
    i.preset4                                0x080067e4   Section        0  presets.o(i.preset4)
    i.preset5                                0x080068c0   Section        0  presets.o(i.preset5)
    i.presetsConnect                         0x0800699c   Section        0  presets.o(i.presetsConnect)
    i.processControlChange                   0x080069cc   Section        0  midi.o(i.processControlChange)
    i.processNote                            0x080069f4   Section        0  midi.o(i.processNote)
    i.processPitchBend                       0x08006a34   Section        0  midi.o(i.processPitchBend)
    i.readEnableUART2                        0x08006a5c   Section        0  midi.o(i.readEnableUART2)
    i.readMIDI                               0x08006a70   Section        0  midi.o(i.readMIDI)
    i.releaseSet                             0x08006aa8   Section        0  envelope.o(i.releaseSet)
    i.resetEnv                               0x08006adc   Section        0  midi.o(i.resetEnv)
    i.scale127                               0x08006b00   Section        0  control.o(i.scale127)
    i.selectSound                            0x08006b28   Section        0  presets.o(i.selectSound)
    i.setCarrierForVoice                     0x08006b4c   Section        0  voxmanager.o(i.setCarrierForVoice)
    i.synthInit                              0x08006b88   Section        0  synth.o(i.synthInit)
    i.synthTic                               0x08006bb4   Section        0  synth.o(i.synthTic)
    i.voxReset                               0x08006c08   Section        0  voxmanager.o(i.voxReset)
    i.voxTicker                              0x08006c80   Section        0  voxmanager.o(i.voxTicker)
    .constdata                               0x08006cb0   Section        8  stm32f4xx_hal_dma.o(.constdata)
    flagBitshiftOffset                       0x08006cb0   Data           8  stm32f4xx_hal_dma.o(.constdata)
    .constdata                               0x08006cb8   Section       11  stm32f4_discovery.o(.constdata)
    .constdata                               0x08006cc4   Section       96  stm32f4_discovery_audio.o(.constdata)
    .constdata                               0x08006d24   Section      428  notetable.o(.constdata)
    .constdata                               0x08006ed0   Section       24  system_stm32f4xx.o(.constdata)
    .constdata                               0x08006ee8   Section       48  cos_i.o(.constdata)
    C                                        0x08006ee8   Data          48  cos_i.o(.constdata)
    .constdata                               0x08006f18   Section      200  rred.o(.constdata)
    pio2s                                    0x08006f18   Data          48  rred.o(.constdata)
    twooverpi                                0x08006f48   Data         152  rred.o(.constdata)
    .constdata                               0x08006fe0   Section       40  sin_i.o(.constdata)
    S                                        0x08006fe0   Data          40  sin_i.o(.constdata)
    .data                                    0x20000000   Section        9  stm32f4xx_hal.o(.data)
    .data                                    0x2000000c   Section       50  cs43l22.o(.data)
    Is_cs43l22_Stop                          0x2000003c   Data           1  cs43l22.o(.data)
    .data                                    0x20000040   Section       28  stm32f4_discovery.o(.data)
    .data                                    0x2000005c   Section        6  stm32f4_discovery_audio.o(.data)
    pAudioDrv                                0x2000005c   Data           4  stm32f4_discovery_audio.o(.data)
    .data                                    0x20000064   Section       10  main.o(.data)
    .data                                    0x20000070   Section        4  control.o(.data)
    .data                                    0x20000074   Section       12  midi.o(.data)
    .data                                    0x20000080   Section        4  system_stm32f4xx.o(.data)
    .data                                    0x20000084   Section        4  errno.o(.data)
    _errno                                   0x20000084   Data           4  errno.o(.data)
    .bss                                     0x20000088   Section      172  stm32f4_discovery.o(.bss)
    SpiHandle                                0x20000088   Data          88  stm32f4_discovery.o(.bss)
    I2cHandle                                0x200000e0   Data          84  stm32f4_discovery.o(.bss)
    .bss                                     0x20000134   Section      404  stm32f4_discovery_audio.o(.bss)
    hdma_i2sTx                               0x20000268   Data          96  stm32f4_discovery_audio.o(.bss)
    .bss                                     0x200002c8   Section     2956  main.o(.bss)
    .bss                                     0x20000e54   Section    65536  oscillator.o(.bss)
    .bss                                     0x20010e54   Section       12  outputmixer.o(.bss)
    .bss                                     0x20010e60   Section      552  midi.o(.bss)
    .bss                                     0x20011088   Section     1312  algmanager.o(.bss)
    sig                                      0x2001154c   Data          48  algmanager.o(.bss)
    .bss                                     0x200115a8   Section       24  presets.o(.bss)
    STACK                                    0x200115c0   Section     1024  startup_stm32f407xx.o(STACK)

    Global Symbols

    Symbol Name                              Value     Ov Type        Size  Object(Section)

    BuildAttributes$$THM_ISAv4$E$P$D$K$B$S$7EM$VFPi3$EXTD16$VFPS$VFMA$PE$A:L22UL41UL21$X:L11$S22US41US21$IEEE1$IW$USESV6$~STKCKD$USESV7$~SHL$OTIME$ROPI$IEEEX$EBA8$MICROLIB$REQ8$PRES8$EABIv2 0x00000000   Number         0  anon$$obj.o ABSOLUTE
    __ARM_use_no_argv                        0x00000000   Number         0  main.o ABSOLUTE
    __cpp_initialize__aeabi_                  - Undefined Weak Reference
    __cxa_finalize                            - Undefined Weak Reference
    __decompress                              - Undefined Weak Reference
    _clock_init                               - Undefined Weak Reference
    _microlib_exit                            - Undefined Weak Reference
    __Vectors_Size                           0x00000188   Number         0  startup_stm32f407xx.o ABSOLUTE
    __Vectors                                0x08000000   Data           4  startup_stm32f407xx.o(RESET)
    __Vectors_End                            0x08000188   Data           0  startup_stm32f407xx.o(RESET)
    __main                                   0x08000189   Thumb Code     0  entry.o(.ARM.Collect$$$$00000000)
    _main_stk                                0x08000189   Thumb Code     0  entry2.o(.ARM.Collect$$$$00000001)
    _main_scatterload                        0x0800018d   Thumb Code     0  entry5.o(.ARM.Collect$$$$00000004)
    __main_after_scatterload                 0x08000191   Thumb Code     0  entry5.o(.ARM.Collect$$$$00000004)
    _main_clock                              0x08000191   Thumb Code     0  entry7b.o(.ARM.Collect$$$$00000008)
    _main_cpp_init                           0x08000191   Thumb Code     0  entry8b.o(.ARM.Collect$$$$0000000A)
    _main_init                               0x08000191   Thumb Code     0  entry9a.o(.ARM.Collect$$$$0000000B)
    __rt_final_cpp                           0x08000199   Thumb Code     0  entry10a.o(.ARM.Collect$$$$0000000D)
    __rt_final_exit                          0x08000199   Thumb Code     0  entry11a.o(.ARM.Collect$$$$0000000F)
    Reset_Handler                            0x0800019d   Thumb Code     8  startup_stm32f407xx.o(.text)
    NMI_Handler                              0x080001a5   Thumb Code     2  startup_stm32f407xx.o(.text)
    HardFault_Handler                        0x080001a7   Thumb Code     2  startup_stm32f407xx.o(.text)
    MemManage_Handler                        0x080001a9   Thumb Code     2  startup_stm32f407xx.o(.text)
    BusFault_Handler                         0x080001ab   Thumb Code     2  startup_stm32f407xx.o(.text)
    UsageFault_Handler                       0x080001ad   Thumb Code     2  startup_stm32f407xx.o(.text)
    SVC_Handler                              0x080001af   Thumb Code     2  startup_stm32f407xx.o(.text)
    DebugMon_Handler                         0x080001b1   Thumb Code     2  startup_stm32f407xx.o(.text)
    PendSV_Handler                           0x080001b3   Thumb Code     2  startup_stm32f407xx.o(.text)
    ADC_IRQHandler                           0x080001b7   Thumb Code     0  startup_stm32f407xx.o(.text)
    CAN1_RX0_IRQHandler                      0x080001b7   Thumb Code     0  startup_stm32f407xx.o(.text)
    CAN1_RX1_IRQHandler                      0x080001b7   Thumb Code     0  startup_stm32f407xx.o(.text)
    CAN1_SCE_IRQHandler                      0x080001b7   Thumb Code     0  startup_stm32f407xx.o(.text)
    CAN1_TX_IRQHandler                       0x080001b7   Thumb Code     0  startup_stm32f407xx.o(.text)
    CAN2_RX0_IRQHandler                      0x080001b7   Thumb Code     0  startup_stm32f407xx.o(.text)
    CAN2_RX1_IRQHandler                      0x080001b7   Thumb Code     0  startup_stm32f407xx.o(.text)
    CAN2_SCE_IRQHandler                      0x080001b7   Thumb Code     0  startup_stm32f407xx.o(.text)
    CAN2_TX_IRQHandler                       0x080001b7   Thumb Code     0  startup_stm32f407xx.o(.text)
    DCMI_IRQHandler                          0x080001b7   Thumb Code     0  startup_stm32f407xx.o(.text)
    DMA1_Stream0_IRQHandler                  0x080001b7   Thumb Code     0  startup_stm32f407xx.o(.text)
    DMA1_Stream1_IRQHandler                  0x080001b7   Thumb Code     0  startup_stm32f407xx.o(.text)
    DMA1_Stream2_IRQHandler                  0x080001b7   Thumb Code     0  startup_stm32f407xx.o(.text)
    DMA1_Stream3_IRQHandler                  0x080001b7   Thumb Code     0  startup_stm32f407xx.o(.text)
    DMA1_Stream4_IRQHandler                  0x080001b7   Thumb Code     0  startup_stm32f407xx.o(.text)
    DMA1_Stream5_IRQHandler                  0x080001b7   Thumb Code     0  startup_stm32f407xx.o(.text)
    DMA1_Stream6_IRQHandler                  0x080001b7   Thumb Code     0  startup_stm32f407xx.o(.text)
    DMA2_Stream0_IRQHandler                  0x080001b7   Thumb Code     0  startup_stm32f407xx.o(.text)
    DMA2_Stream1_IRQHandler                  0x080001b7   Thumb Code     0  startup_stm32f407xx.o(.text)
    DMA2_Stream2_IRQHandler                  0x080001b7   Thumb Code     0  startup_stm32f407xx.o(.text)
    DMA2_Stream3_IRQHandler                  0x080001b7   Thumb Code     0  startup_stm32f407xx.o(.text)
    DMA2_Stream4_IRQHandler                  0x080001b7   Thumb Code     0  startup_stm32f407xx.o(.text)
    DMA2_Stream5_IRQHandler                  0x080001b7   Thumb Code     0  startup_stm32f407xx.o(.text)
    DMA2_Stream6_IRQHandler                  0x080001b7   Thumb Code     0  startup_stm32f407xx.o(.text)
    DMA2_Stream7_IRQHandler                  0x080001b7   Thumb Code     0  startup_stm32f407xx.o(.text)
    ETH_IRQHandler                           0x080001b7   Thumb Code     0  startup_stm32f407xx.o(.text)
    ETH_WKUP_IRQHandler                      0x080001b7   Thumb Code     0  startup_stm32f407xx.o(.text)
    EXTI0_IRQHandler                         0x080001b7   Thumb Code     0  startup_stm32f407xx.o(.text)
    EXTI15_10_IRQHandler                     0x080001b7   Thumb Code     0  startup_stm32f407xx.o(.text)
    EXTI1_IRQHandler                         0x080001b7   Thumb Code     0  startup_stm32f407xx.o(.text)
    EXTI2_IRQHandler                         0x080001b7   Thumb Code     0  startup_stm32f407xx.o(.text)
    EXTI3_IRQHandler                         0x080001b7   Thumb Code     0  startup_stm32f407xx.o(.text)
    EXTI4_IRQHandler                         0x080001b7   Thumb Code     0  startup_stm32f407xx.o(.text)
    EXTI9_5_IRQHandler                       0x080001b7   Thumb Code     0  startup_stm32f407xx.o(.text)
    FLASH_IRQHandler                         0x080001b7   Thumb Code     0  startup_stm32f407xx.o(.text)
    FMC_IRQHandler                           0x080001b7   Thumb Code     0  startup_stm32f407xx.o(.text)
    FPU_IRQHandler                           0x080001b7   Thumb Code     0  startup_stm32f407xx.o(.text)
    HASH_RNG_IRQHandler                      0x080001b7   Thumb Code     0  startup_stm32f407xx.o(.text)
    I2C1_ER_IRQHandler                       0x080001b7   Thumb Code     0  startup_stm32f407xx.o(.text)
    I2C1_EV_IRQHandler                       0x080001b7   Thumb Code     0  startup_stm32f407xx.o(.text)
    I2C2_ER_IRQHandler                       0x080001b7   Thumb Code     0  startup_stm32f407xx.o(.text)
    I2C2_EV_IRQHandler                       0x080001b7   Thumb Code     0  startup_stm32f407xx.o(.text)
    I2C3_ER_IRQHandler                       0x080001b7   Thumb Code     0  startup_stm32f407xx.o(.text)
    I2C3_EV_IRQHandler                       0x080001b7   Thumb Code     0  startup_stm32f407xx.o(.text)
    OTG_FS_WKUP_IRQHandler                   0x080001b7   Thumb Code     0  startup_stm32f407xx.o(.text)
    OTG_HS_EP1_IN_IRQHandler                 0x080001b7   Thumb Code     0  startup_stm32f407xx.o(.text)
    OTG_HS_EP1_OUT_IRQHandler                0x080001b7   Thumb Code     0  startup_stm32f407xx.o(.text)
    OTG_HS_IRQHandler                        0x080001b7   Thumb Code     0  startup_stm32f407xx.o(.text)
    OTG_HS_WKUP_IRQHandler                   0x080001b7   Thumb Code     0  startup_stm32f407xx.o(.text)
    PVD_IRQHandler                           0x080001b7   Thumb Code     0  startup_stm32f407xx.o(.text)
    RCC_IRQHandler                           0x080001b7   Thumb Code     0  startup_stm32f407xx.o(.text)
    RTC_Alarm_IRQHandler                     0x080001b7   Thumb Code     0  startup_stm32f407xx.o(.text)
    RTC_WKUP_IRQHandler                      0x080001b7   Thumb Code     0  startup_stm32f407xx.o(.text)
    SDIO_IRQHandler                          0x080001b7   Thumb Code     0  startup_stm32f407xx.o(.text)
    SPI1_IRQHandler                          0x080001b7   Thumb Code     0  startup_stm32f407xx.o(.text)
    SPI2_IRQHandler                          0x080001b7   Thumb Code     0  startup_stm32f407xx.o(.text)
    SPI3_IRQHandler                          0x080001b7   Thumb Code     0  startup_stm32f407xx.o(.text)
    TAMP_STAMP_IRQHandler                    0x080001b7   Thumb Code     0  startup_stm32f407xx.o(.text)
    TIM1_BRK_TIM9_IRQHandler                 0x080001b7   Thumb Code     0  startup_stm32f407xx.o(.text)
    TIM1_CC_IRQHandler                       0x080001b7   Thumb Code     0  startup_stm32f407xx.o(.text)
    TIM1_TRG_COM_TIM11_IRQHandler            0x080001b7   Thumb Code     0  startup_stm32f407xx.o(.text)
    TIM1_UP_TIM10_IRQHandler                 0x080001b7   Thumb Code     0  startup_stm32f407xx.o(.text)
    TIM2_IRQHandler                          0x080001b7   Thumb Code     0  startup_stm32f407xx.o(.text)
    TIM3_IRQHandler                          0x080001b7   Thumb Code     0  startup_stm32f407xx.o(.text)
    TIM4_IRQHandler                          0x080001b7   Thumb Code     0  startup_stm32f407xx.o(.text)
    TIM5_IRQHandler                          0x080001b7   Thumb Code     0  startup_stm32f407xx.o(.text)
    TIM6_DAC_IRQHandler                      0x080001b7   Thumb Code     0  startup_stm32f407xx.o(.text)
    TIM7_IRQHandler                          0x080001b7   Thumb Code     0  startup_stm32f407xx.o(.text)
    TIM8_BRK_TIM12_IRQHandler                0x080001b7   Thumb Code     0  startup_stm32f407xx.o(.text)
    TIM8_CC_IRQHandler                       0x080001b7   Thumb Code     0  startup_stm32f407xx.o(.text)
    TIM8_TRG_COM_TIM14_IRQHandler            0x080001b7   Thumb Code     0  startup_stm32f407xx.o(.text)
    TIM8_UP_TIM13_IRQHandler                 0x080001b7   Thumb Code     0  startup_stm32f407xx.o(.text)
    UART4_IRQHandler                         0x080001b7   Thumb Code     0  startup_stm32f407xx.o(.text)
    UART5_IRQHandler                         0x080001b7   Thumb Code     0  startup_stm32f407xx.o(.text)
    USART1_IRQHandler                        0x080001b7   Thumb Code     0  startup_stm32f407xx.o(.text)
    USART3_IRQHandler                        0x080001b7   Thumb Code     0  startup_stm32f407xx.o(.text)
    USART6_IRQHandler                        0x080001b7   Thumb Code     0  startup_stm32f407xx.o(.text)
    WWDG_IRQHandler                          0x080001b7   Thumb Code     0  startup_stm32f407xx.o(.text)
    __aeabi_uldivmod                         0x080001c1   Thumb Code    98  uldiv.o(.text)
    __aeabi_dadd                             0x08000223   Thumb Code   322  dadd.o(.text)
    __aeabi_dsub                             0x08000365   Thumb Code     6  dadd.o(.text)
    __aeabi_drsub                            0x0800036b   Thumb Code     6  dadd.o(.text)
    __aeabi_dmul                             0x08000371   Thumb Code   228  dmul.o(.text)
    __aeabi_ddiv                             0x08000455   Thumb Code   222  ddiv.o(.text)
    __aeabi_i2d                              0x08000533   Thumb Code    34  dflti.o(.text)
    __aeabi_f2d                              0x08000555   Thumb Code    38  f2d.o(.text)
    __aeabi_d2f                              0x0800057b   Thumb Code    56  d2f.o(.text)
    __aeabi_llsl                             0x080005b3   Thumb Code    30  llshl.o(.text)
    _ll_shift_l                              0x080005b3   Thumb Code     0  llshl.o(.text)
    __aeabi_llsr                             0x080005d1   Thumb Code    32  llushr.o(.text)
    _ll_ushift_r                             0x080005d1   Thumb Code     0  llushr.o(.text)
    __aeabi_lasr                             0x080005f1   Thumb Code    36  llsshr.o(.text)
    _ll_sshift_r                             0x080005f1   Thumb Code     0  llsshr.o(.text)
    __I$use$fp                               0x08000615   Thumb Code     0  iusefp.o(.text)
    _float_round                             0x08000615   Thumb Code    18  fepilogue.o(.text)
    _float_epilogue                          0x08000627   Thumb Code    92  fepilogue.o(.text)
    _double_round                            0x08000683   Thumb Code    30  depilogue.o(.text)
    _double_epilogue                         0x080006a1   Thumb Code   156  depilogue.o(.text)
    __scatterload                            0x0800073d   Thumb Code    28  init.o(.text)
    __scatterload_rt2                        0x0800073d   Thumb Code     0  init.o(.text)
    __aeabi_ui2d                             0x08000761   Thumb Code    26  dfltui.o(.text)
    __aeabi_d2iz                             0x0800077b   Thumb Code    62  dfixi.o(.text)
    AUDIO_IO_DeInit                          0x080007b9   Thumb Code     2  stm32f4_discovery.o(i.AUDIO_IO_DeInit)
    AUDIO_IO_Init                            0x080007bd   Thumb Code   100  stm32f4_discovery.o(i.AUDIO_IO_Init)
    AUDIO_IO_Read                            0x08000829   Thumb Code    16  stm32f4_discovery.o(i.AUDIO_IO_Read)
    AUDIO_IO_Write                           0x08000839   Thumb Code    20  stm32f4_discovery.o(i.AUDIO_IO_Write)
    BSP_AUDIO_OUT_ChangeBuffer               0x0800084d   Thumb Code    18  stm32f4_discovery_audio.o(i.BSP_AUDIO_OUT_ChangeBuffer)
    BSP_AUDIO_OUT_ClockConfig                0x08000865   Thumb Code   102  stm32f4_discovery_audio.o(i.BSP_AUDIO_OUT_ClockConfig)
    BSP_AUDIO_OUT_Error_CallBack             0x080008d9   Thumb Code     2  stm32f4_discovery_audio.o(i.BSP_AUDIO_OUT_Error_CallBack)
    BSP_AUDIO_OUT_HalfTransfer_CallBack      0x080008dd   Thumb Code    16  main.o(i.BSP_AUDIO_OUT_HalfTransfer_CallBack)
    BSP_AUDIO_OUT_Init                       0x080008f5   Thumb Code   108  stm32f4_discovery_audio.o(i.BSP_AUDIO_OUT_Init)
    BSP_AUDIO_OUT_MspInit                    0x08000971   Thumb Code   340  stm32f4_discovery_audio.o(i.BSP_AUDIO_OUT_MspInit)
    BSP_AUDIO_OUT_Play                       0x08000add   Thumb Code    58  stm32f4_discovery_audio.o(i.BSP_AUDIO_OUT_Play)
    BSP_AUDIO_OUT_TransferComplete_CallBack  0x08000b21   Thumb Code    28  main.o(i.BSP_AUDIO_OUT_TransferComplete_CallBack)
    BSP_LED_Off                              0x08000b49   Thumb Code    24  stm32f4_discovery.o(i.BSP_LED_Off)
    BSP_LED_On                               0x08000b69   Thumb Code    24  stm32f4_discovery.o(i.BSP_LED_On)
    BTN_Get                                  0x08000b89   Thumb Code    10  buttons.o(i.BTN_Get)
    BTN_Init                                 0x08000b99   Thumb Code    56  buttons.o(i.BTN_Init)
    ControlCC                                0x08000bf5   Thumb Code   666  control.o(i.ControlCC)
    DMA1_Stream7_IRQHandler                  0x08000ea9   Thumb Code    12  stm32f4xx_it.o(i.DMA1_Stream7_IRQHandler)
    HAL_DMA_DeInit                           0x08000fc3   Thumb Code    98  stm32f4xx_hal_dma.o(i.HAL_DMA_DeInit)
    HAL_DMA_IRQHandler                       0x08001025   Thumb Code   570  stm32f4xx_hal_dma.o(i.HAL_DMA_IRQHandler)
    HAL_DMA_Init                             0x08001265   Thumb Code   232  stm32f4xx_hal_dma.o(i.HAL_DMA_Init)
    HAL_DMA_Start_IT                         0x08001351   Thumb Code   158  stm32f4xx_hal_dma.o(i.HAL_DMA_Start_IT)
    HAL_Delay                                0x080013f1   Thumb Code    36  stm32f4xx_hal.o(i.HAL_Delay)
    HAL_GPIO_DeInit                          0x08001419   Thumb Code   316  stm32f4xx_hal_gpio.o(i.HAL_GPIO_DeInit)
    HAL_GPIO_Init                            0x0800157d   Thumb Code   466  stm32f4xx_hal_gpio.o(i.HAL_GPIO_Init)
    HAL_GPIO_WritePin                        0x0800177d   Thumb Code    12  stm32f4xx_hal_gpio.o(i.HAL_GPIO_WritePin)
    HAL_GetTick                              0x08001789   Thumb Code     6  stm32f4xx_hal.o(i.HAL_GetTick)
    HAL_HCD_Connect_Callback                 0x08001795   Thumb Code     2  stm32f4xx_hal_hcd.o(i.HAL_HCD_Connect_Callback)
    HAL_HCD_Disconnect_Callback              0x08001797   Thumb Code     2  stm32f4xx_hal_hcd.o(i.HAL_HCD_Disconnect_Callback)
    HAL_HCD_HC_NotifyURBChange_Callback      0x08001799   Thumb Code     2  stm32f4xx_hal_hcd.o(i.HAL_HCD_HC_NotifyURBChange_Callback)
    HAL_HCD_IRQHandler                       0x0800179b   Thumb Code   358  stm32f4xx_hal_hcd.o(i.HAL_HCD_IRQHandler)
    HAL_HCD_SOF_Callback                     0x08001901   Thumb Code     2  stm32f4xx_hal_hcd.o(i.HAL_HCD_SOF_Callback)
    HAL_I2C_DeInit                           0x08001903   Thumb Code    60  stm32f4xx_hal_i2c.o(i.HAL_I2C_DeInit)
    HAL_I2C_GetState                         0x0800193f   Thumb Code     8  stm32f4xx_hal_i2c.o(i.HAL_I2C_GetState)
    HAL_I2C_Init                             0x08001949   Thumb Code   286  stm32f4xx_hal_i2c.o(i.HAL_I2C_Init)
    HAL_I2C_Mem_Read                         0x08001a71   Thumb Code   796  stm32f4xx_hal_i2c.o(i.HAL_I2C_Mem_Read)
    HAL_I2C_Mem_Write                        0x08001d99   Thumb Code   384  stm32f4xx_hal_i2c.o(i.HAL_I2C_Mem_Write)
    HAL_I2C_MspDeInit                        0x08001f21   Thumb Code    36  stm32f4xx_hal_msp.o(i.HAL_I2C_MspDeInit)
    HAL_I2C_MspInit                          0x08001f51   Thumb Code    80  stm32f4xx_hal_msp.o(i.HAL_I2C_MspInit)
    HAL_I2SEx_FullDuplex_IRQHandler          0x08001fad   Thumb Code   642  stm32f4xx_hal_i2s_ex.o(i.HAL_I2SEx_FullDuplex_IRQHandler)
    HAL_I2SEx_TxRxCpltCallback               0x08002239   Thumb Code     2  stm32f4xx_hal_i2s_ex.o(i.HAL_I2SEx_TxRxCpltCallback)
    HAL_I2S_ErrorCallback                    0x0800223d   Thumb Code    18  stm32f4_discovery_audio.o(i.HAL_I2S_ErrorCallback)
    HAL_I2S_GetState                         0x08002255   Thumb Code     8  stm32f4xx_hal_i2s.o(i.HAL_I2S_GetState)
    HAL_I2S_Init                             0x0800225d   Thumb Code   436  stm32f4xx_hal_i2s.o(i.HAL_I2S_Init)
    HAL_I2S_MspInit                          0x08002421   Thumb Code   104  stm32f4xx_hal_msp.o(i.HAL_I2S_MspInit)
    HAL_I2S_RxCpltCallback                   0x08002499   Thumb Code     2  stm32f4xx_hal_i2s.o(i.HAL_I2S_RxCpltCallback)
    HAL_I2S_Transmit_DMA                     0x0800249d   Thumb Code   210  stm32f4xx_hal_i2s.o(i.HAL_I2S_Transmit_DMA)
    HAL_I2S_TxCpltCallback                   0x0800257d   Thumb Code    18  stm32f4_discovery_audio.o(i.HAL_I2S_TxCpltCallback)
    HAL_I2S_TxHalfCpltCallback               0x08002595   Thumb Code    18  stm32f4_discovery_audio.o(i.HAL_I2S_TxHalfCpltCallback)
    HAL_IncTick                              0x080025ad   Thumb Code    16  stm32f4xx_hal.o(i.HAL_IncTick)
    HAL_Init                                 0x080025c5   Thumb Code    54  stm32f4xx_hal.o(i.HAL_Init)
    HAL_InitTick                             0x08002601   Thumb Code    64  stm32f4xx_hal.o(i.HAL_InitTick)
    HAL_MspInit                              0x0800264d   Thumb Code    86  stm32f4xx_hal_msp.o(i.HAL_MspInit)
    HAL_NVIC_EnableIRQ                       0x080026a3   Thumb Code    26  stm32f4xx_hal_cortex.o(i.HAL_NVIC_EnableIRQ)
    HAL_NVIC_SetPriority                     0x080026bd   Thumb Code   124  stm32f4xx_hal_cortex.o(i.HAL_NVIC_SetPriority)
    HAL_NVIC_SetPriorityGrouping             0x08002739   Thumb Code    32  stm32f4xx_hal_cortex.o(i.HAL_NVIC_SetPriorityGrouping)
    HAL_RCCEx_GetPeriphCLKConfig             0x08002761   Thumb Code    50  stm32f4xx_hal_rcc_ex.o(i.HAL_RCCEx_GetPeriphCLKConfig)
    HAL_RCCEx_GetPeriphCLKFreq               0x08002799   Thumb Code   126  stm32f4xx_hal_rcc_ex.o(i.HAL_RCCEx_GetPeriphCLKFreq)
    HAL_RCCEx_PeriphCLKConfig                0x08002829   Thumb Code   396  stm32f4xx_hal_rcc_ex.o(i.HAL_RCCEx_PeriphCLKConfig)
    HAL_RCC_ClockConfig                      0x080029c9   Thumb Code   366  stm32f4xx_hal_rcc.o(i.HAL_RCC_ClockConfig)
    HAL_RCC_GetHCLKFreq                      0x08002b49   Thumb Code     6  stm32f4xx_hal_rcc.o(i.HAL_RCC_GetHCLKFreq)
    HAL_RCC_GetPCLK1Freq                     0x08002b55   Thumb Code    22  stm32f4xx_hal_rcc.o(i.HAL_RCC_GetPCLK1Freq)
    HAL_RCC_GetSysClockFreq                  0x08002b75   Thumb Code   162  stm32f4xx_hal_rcc.o(i.HAL_RCC_GetSysClockFreq)
    HAL_RCC_OscConfig                        0x08002c25   Thumb Code  1086  stm32f4xx_hal_rcc.o(i.HAL_RCC_OscConfig)
    HAL_SYSTICK_CLKSourceConfig              0x0800306d   Thumb Code    40  stm32f4xx_hal_cortex.o(i.HAL_SYSTICK_CLKSourceConfig)
    HAL_SYSTICK_Callback                     0x08003095   Thumb Code     2  stm32f4xx_hal_cortex.o(i.HAL_SYSTICK_Callback)
    HAL_SYSTICK_Config                       0x08003097   Thumb Code    52  stm32f4xx_hal_cortex.o(i.HAL_SYSTICK_Config)
    HAL_SYSTICK_IRQHandler                   0x080030cb   Thumb Code     8  stm32f4xx_hal_cortex.o(i.HAL_SYSTICK_IRQHandler)
    LED_Dance                                0x080045f9   Thumb Code    42  led.o(i.LED_Dance)
    OTG_FS_IRQHandler                        0x0800481d   Thumb Code    10  stm32f4xx_it.o(i.OTG_FS_IRQHandler)
    PB_FTDI_Init                             0x0800482d   Thumb Code   210  midi.o(i.PB_FTDI_Init)
    PB_FTDI_Receive                          0x0800490d   Thumb Code    34  midi.o(i.PB_FTDI_Receive)
    SysTick_Handler                          0x08004935   Thumb Code    12  stm32f4xx_it.o(i.SysTick_Handler)
    SystemClock_Config                       0x08004941   Thumb Code   226  main.o(i.SystemClock_Config)
    SystemInit                               0x08004a3d   Thumb Code    82  system_stm32f4xx.o(i.SystemInit)
    USART2_IRQHandler                        0x08004aa1   Thumb Code    28  midi.o(i.USART2_IRQHandler)
    USB_GetMode                              0x08004abd   Thumb Code    10  stm32f4xx_ll_usb.o(i.USB_GetMode)
    USB_HC_Halt                              0x08004ac7   Thumb Code   328  stm32f4xx_ll_usb.o(i.USB_HC_Halt)
    USB_HC_ReadInterrupt                     0x08004c0f   Thumb Code    12  stm32f4xx_ll_usb.o(i.USB_HC_ReadInterrupt)
    USB_InitFSLSPClkSel                      0x08004c1b   Thumb Code    62  stm32f4xx_ll_usb.o(i.USB_InitFSLSPClkSel)
    USB_ReadInterrupts                       0x08004c59   Thumb Code    12  stm32f4xx_ll_usb.o(i.USB_ReadInterrupts)
    USB_ReadPacket                           0x08004c65   Thumb Code    34  stm32f4xx_ll_usb.o(i.USB_ReadPacket)
    VelocityConnect                          0x08004c89   Thumb Code    62  control.o(i.VelocityConnect)
    _Error_Handler                           0x08004cdd   Thumb Code     4  main.o(i._Error_Handler)
    __ARM_fpclassify                         0x08004ce1   Thumb Code    48  fpclassify.o(i.__ARM_fpclassify)
    __hardfp_sin                             0x08004d11   Thumb Code   180  sin.o(i.__hardfp_sin)
    __ieee754_rem_pio2                       0x08004dd9   Thumb Code   938  rred.o(i.__ieee754_rem_pio2)
    __kernel_cos                             0x08005211   Thumb Code   322  cos_i.o(i.__kernel_cos)
    __kernel_poly                            0x08005381   Thumb Code   248  poly.o(i.__kernel_poly)
    __kernel_sin                             0x08005479   Thumb Code   280  sin_i.o(i.__kernel_sin)
    __mathlib_dbl_infnan                     0x080055a9   Thumb Code    20  dunder.o(i.__mathlib_dbl_infnan)
    __mathlib_dbl_invalid                    0x080055c1   Thumb Code    24  dunder.o(i.__mathlib_dbl_invalid)
    __mathlib_dbl_underflow                  0x080055e1   Thumb Code    24  dunder.o(i.__mathlib_dbl_underflow)
    __scatterload_copy                       0x08005601   Thumb Code    14  handlers.o(i.__scatterload_copy)
    __scatterload_null                       0x0800560f   Thumb Code     2  handlers.o(i.__scatterload_null)
    __scatterload_zeroinit                   0x08005611   Thumb Code    14  handlers.o(i.__scatterload_zeroinit)
    __set_errno                              0x08005621   Thumb Code     6  errno.o(i.__set_errno)
    alg1                                     0x0800562d   Thumb Code   208  algmanager.o(i.alg1)
    alg2                                     0x0800570d   Thumb Code   204  algmanager.o(i.alg2)
    alg3                                     0x080057e9   Thumb Code   202  algmanager.o(i.alg3)
    alg4                                     0x080058c5   Thumb Code   202  algmanager.o(i.alg4)
    alg5                                     0x080059a1   Thumb Code   200  algmanager.o(i.alg5)
    algTic                                   0x08005a79   Thumb Code    32  algmanager.o(i.algTic)
    algsConnect                              0x08005aa1   Thumb Code    24  algmanager.o(i.algsConnect)
    attackSet                                0x08005ad1   Thumb Code    38  envelope.o(i.attackSet)
    btnCount                                 0x08005afd   Thumb Code   100  control.o(i.btnCount)
    castOutput                               0x08005b6d   Thumb Code    66  outputmixer.o(i.castOutput)
    cs43l22_DeInit                           0x08005bb9   Thumb Code     8  cs43l22.o(i.cs43l22_DeInit)
    cs43l22_Init                             0x08005bc1   Thumb Code   256  cs43l22.o(i.cs43l22_Init)
    cs43l22_Pause                            0x08005cc5   Thumb Code    32  cs43l22.o(i.cs43l22_Pause)
    cs43l22_Play                             0x08005ce5   Thumb Code    66  cs43l22.o(i.cs43l22_Play)
    cs43l22_ReadID                           0x08005d2d   Thumb Code    26  cs43l22.o(i.cs43l22_ReadID)
    cs43l22_Reset                            0x08005d47   Thumb Code     6  cs43l22.o(i.cs43l22_Reset)
    cs43l22_Resume                           0x08005d4d   Thumb Code    68  cs43l22.o(i.cs43l22_Resume)
    cs43l22_SetFrequency                     0x08005d95   Thumb Code     6  cs43l22.o(i.cs43l22_SetFrequency)
    cs43l22_SetMute                          0x08005d9d   Thumb Code    92  cs43l22.o(i.cs43l22_SetMute)
    cs43l22_SetOutputMode                    0x08005dfd   Thumb Code   132  cs43l22.o(i.cs43l22_SetOutputMode)
    cs43l22_SetVolume                        0x08005e85   Thumb Code   108  cs43l22.o(i.cs43l22_SetVolume)
    cs43l22_Stop                             0x08005ef1   Thumb Code    52  cs43l22.o(i.cs43l22_Stop)
    decaySet                                 0x08005f29   Thumb Code    46  envelope.o(i.decaySet)
    envCalc                                  0x08005f5d   Thumb Code    62  envelope.o(i.envCalc)
    envInit                                  0x08005f9d   Thumb Code    56  envelope.o(i.envInit)
    envSet                                   0x08005fd9   Thumb Code    58  envelope.o(i.envSet)
    envState                                 0x08006015   Thumb Code   194  envelope.o(i.envState)
    envTic                                   0x080060dd   Thumb Code   102  envelope.o(i.envTic)
    fabs                                     0x08006143   Thumb Code    24  fabs.o(i.fabs)
    generateSineTable                        0x0800615d   Thumb Code   124  oscillator.o(i.generateSineTable)
    linkVoxParamaters                        0x080061f5   Thumb Code   160  voxmanager.o(i.linkVoxParamaters)
    main                                     0x0800629d   Thumb Code   186  main.o(i.main)
    midiInit                                 0x08006369   Thumb Code     2  midi.o(i.midiInit)
    noteToFreq                               0x0800636d   Thumb Code    20  notetable.o(i.noteToFreq)
    opConnect                                0x08006385   Thumb Code    48  algmanager.o(i.opConnect)
    opInit                                   0x080063c1   Thumb Code    44  algmanager.o(i.opInit)
    opSet                                    0x080063f5   Thumb Code    14  operator.o(i.opSet)
    opTic                                    0x08006403   Thumb Code   104  operator.o(i.opTic)
    opTicker                                 0x0800646b   Thumb Code    32  algmanager.o(i.opTicker)
    oscInit                                  0x0800648d   Thumb Code    44  oscillator.o(i.oscInit)
    oscSetFreq                               0x080064bd   Thumb Code    20  oscillator.o(i.oscSetFreq)
    oscSetPhaseInc                           0x080064d1   Thumb Code    26  oscillator.o(i.oscSetPhaseInc)
    oscTic                                   0x080064f5   Thumb Code    92  oscillator.o(i.oscTic)
    preset1                                  0x08006559   Thumb Code   176  presets.o(i.preset1)
    preset2                                  0x0800662d   Thumb Code   176  presets.o(i.preset2)
    preset3                                  0x08006709   Thumb Code   176  presets.o(i.preset3)
    preset4                                  0x080067e5   Thumb Code   176  presets.o(i.preset4)
    preset5                                  0x080068c1   Thumb Code   176  presets.o(i.preset5)
    presetsConnect                           0x0800699d   Thumb Code    24  presets.o(i.presetsConnect)
    processControlChange                     0x080069cd   Thumb Code    36  midi.o(i.processControlChange)
    processNote                              0x080069f5   Thumb Code    60  midi.o(i.processNote)
    processPitchBend                         0x08006a35   Thumb Code    34  midi.o(i.processPitchBend)
    readEnableUART2                          0x08006a5d   Thumb Code    14  midi.o(i.readEnableUART2)
    readMIDI                                 0x08006a71   Thumb Code    46  midi.o(i.readMIDI)
    releaseSet                               0x08006aa9   Thumb Code    46  envelope.o(i.releaseSet)
    resetEnv                                 0x08006add   Thumb Code    30  midi.o(i.resetEnv)
    scale127                                 0x08006b01   Thumb Code    34  control.o(i.scale127)
    selectSound                              0x08006b29   Thumb Code    28  presets.o(i.selectSound)
    setCarrierForVoice                       0x08006b4d   Thumb Code    54  voxmanager.o(i.setCarrierForVoice)
    synthInit                                0x08006b89   Thumb Code    42  synth.o(i.synthInit)
    synthTic                                 0x08006bb5   Thumb Code    74  synth.o(i.synthTic)
    voxReset                                 0x08006c09   Thumb Code   112  voxmanager.o(i.voxReset)
    voxTicker                                0x08006c81   Thumb Code    44  voxmanager.o(i.voxTicker)
    GPIO_PIN                                 0x08006cb8   Data           8  stm32f4_discovery.o(.constdata)
    BUTTON_PIN                               0x08006cc0   Data           2  stm32f4_discovery.o(.constdata)
    BUTTON_IRQn                              0x08006cc2   Data           1  stm32f4_discovery.o(.constdata)
    I2SFreq                                  0x08006cc4   Data          32  stm32f4_discovery_audio.o(.constdata)
    I2SPLLN                                  0x08006ce4   Data          32  stm32f4_discovery_audio.o(.constdata)
    I2SPLLR                                  0x08006d04   Data          32  stm32f4_discovery_audio.o(.constdata)
    freqOfNote                               0x08006d24   Data         428  notetable.o(.constdata)
    AHBPrescTable                            0x08006ed0   Data          16  system_stm32f4xx.o(.constdata)
    APBPrescTable                            0x08006ee0   Data           8  system_stm32f4xx.o(.constdata)
    Region$$Table$$Base                      0x08007008   Number         0  anon$$obj.o(Region$$Table)
    Region$$Table$$Limit                     0x08007028   Number         0  anon$$obj.o(Region$$Table)
    uwTick                                   0x20000000   Data           4  stm32f4xx_hal.o(.data)
    uwTickPrio                               0x20000004   Data           4  stm32f4xx_hal.o(.data)
    uwTickFreq                               0x20000008   Data           1  stm32f4xx_hal.o(.data)
    cs43l22_drv                              0x2000000c   Data          48  cs43l22.o(.data)
    OutputDev                                0x2000003d   Data           1  cs43l22.o(.data)
    GPIO_PORT                                0x20000040   Data          16  stm32f4_discovery.o(.data)
    BUTTON_PORT                              0x20000050   Data           4  stm32f4_discovery.o(.data)
    I2cxTimeout                              0x20000054   Data           4  stm32f4_discovery.o(.data)
    SpixTimeout                              0x20000058   Data           4  stm32f4_discovery.o(.data)
    AudioInVolume                            0x20000060   Data           2  stm32f4_discovery_audio.o(.data)
    buffer_offset                            0x20000064   Data           2  main.o(.data)
    out                                      0x20000068   Data           4  main.o(.data)
    noteStatus                               0x2000006c   Data           1  main.o(.data)
    bufferStatus                             0x2000006d   Data           1  main.o(.data)
    i                                        0x20000070   Data           4  control.o(.data)
    rByte                                    0x20000074   Data           4  midi.o(.data)
    byteNum                                  0x20000078   Data           4  midi.o(.data)
    n                                        0x2000007c   Data           4  midi.o(.data)
    SystemCoreClock                          0x20000080   Data           4  system_stm32f4xx.o(.data)
    hAudioOutI2s                             0x20000134   Data          72  stm32f4_discovery_audio.o(.bss)
    hAudioInI2s                              0x2000017c   Data          72  stm32f4_discovery_audio.o(.bss)
    PDM_FilterHandler                        0x200001c4   Data         152  stm32f4_discovery_audio.o(.bss)
    PDM_FilterConfig                         0x2000025c   Data          12  stm32f4_discovery_audio.o(.bss)
    hi2c1                                    0x200002c8   Data          84  main.o(.bss)
    hi2s3                                    0x2000031c   Data          72  main.o(.bss)
    hspi1                                    0x20000364   Data          88  main.o(.bss)
    hhcd_USB_OTG_FS                          0x200003bc   Data         664  main.o(.bss)
    PlayBuff                                 0x20000654   Data        2048  main.o(.bss)
    SineTable                                0x20000e54   Data       65536  oscillator.o(.bss)
    Mixer1                                   0x20010e54   Data          12  outputmixer.o(.bss)
    MIDI                                     0x20010e60   Data         552  midi.o(.bss)
    ops                                      0x20011088   Data         320  algmanager.o(.bss)
    envs                                     0x200111c8   Data         680  algmanager.o(.bss)
    oscs                                     0x20011470   Data         200  algmanager.o(.bss)
    vox                                      0x20011538   Data          20  algmanager.o(.bss)
    algs                                     0x2001157c   Data          44  algmanager.o(.bss)
    presets                                  0x200115a8   Data          24  presets.o(.bss)
    __initial_sp                             0x200119c0   Data           0  startup_stm32f407xx.o(STACK)



==============================================================================

Memory Map of the image

  Image Entry point : 0x08000189

  Load Region LR_IROM1 (Base: 0x08000000, Size: 0x000070b0, Max: 0x00100000, ABSOLUTE)

    Execution Region ER_IROM1 (Base: 0x08000000, Size: 0x00007028, Max: 0x00100000, ABSOLUTE)

    Base Addr    Size         Type   Attr      Idx    E Section Name        Object

    0x08000000   0x00000188   Data   RO            3    RESET               startup_stm32f407xx.o
    0x08000188   0x00000000   Code   RO         4147  * .ARM.Collect$$$$00000000  mc_w.l(entry.o)
    0x08000188   0x00000004   Code   RO         4196    .ARM.Collect$$$$00000001  mc_w.l(entry2.o)
    0x0800018c   0x00000004   Code   RO         4199    .ARM.Collect$$$$00000004  mc_w.l(entry5.o)
    0x08000190   0x00000000   Code   RO         4201    .ARM.Collect$$$$00000008  mc_w.l(entry7b.o)
    0x08000190   0x00000000   Code   RO         4203    .ARM.Collect$$$$0000000A  mc_w.l(entry8b.o)
    0x08000190   0x00000008   Code   RO         4204    .ARM.Collect$$$$0000000B  mc_w.l(entry9a.o)
    0x08000198   0x00000000   Code   RO         4206    .ARM.Collect$$$$0000000D  mc_w.l(entry10a.o)
    0x08000198   0x00000000   Code   RO         4208    .ARM.Collect$$$$0000000F  mc_w.l(entry11a.o)
    0x08000198   0x00000004   Code   RO         4197    .ARM.Collect$$$$00002712  mc_w.l(entry2.o)
    0x0800019c   0x00000024   Code   RO            4    .text               startup_stm32f407xx.o
    0x080001c0   0x00000062   Code   RO         4150    .text               mc_w.l(uldiv.o)
    0x08000222   0x0000014e   Code   RO         4156    .text               mf_w.l(dadd.o)
    0x08000370   0x000000e4   Code   RO         4158    .text               mf_w.l(dmul.o)
    0x08000454   0x000000de   Code   RO         4160    .text               mf_w.l(ddiv.o)
    0x08000532   0x00000022   Code   RO         4162    .text               mf_w.l(dflti.o)
    0x08000554   0x00000026   Code   RO         4164    .text               mf_w.l(f2d.o)
    0x0800057a   0x00000038   Code   RO         4166    .text               mf_w.l(d2f.o)
    0x080005b2   0x0000001e   Code   RO         4210    .text               mc_w.l(llshl.o)
    0x080005d0   0x00000020   Code   RO         4212    .text               mc_w.l(llushr.o)
    0x080005f0   0x00000024   Code   RO         4214    .text               mc_w.l(llsshr.o)
    0x08000614   0x00000000   Code   RO         4223    .text               mc_w.l(iusefp.o)
    0x08000614   0x0000006e   Code   RO         4224    .text               mf_w.l(fepilogue.o)
    0x08000682   0x000000ba   Code   RO         4226    .text               mf_w.l(depilogue.o)
    0x0800073c   0x00000024   Code   RO         4240    .text               mc_w.l(init.o)
    0x08000760   0x0000001a   Code   RO         4242    .text               mf_w.l(dfltui.o)
    0x0800077a   0x0000003e   Code   RO         4244    .text               mf_w.l(dfixi.o)
    0x080007b8   0x00000002   Code   RO         2839    i.AUDIO_IO_DeInit   stm32f4_discovery.o
    0x080007ba   0x00000002   PAD
    0x080007bc   0x0000006c   Code   RO         2840    i.AUDIO_IO_Init     stm32f4_discovery.o
    0x08000828   0x00000010   Code   RO         2841    i.AUDIO_IO_Read     stm32f4_discovery.o
    0x08000838   0x00000014   Code   RO         2842    i.AUDIO_IO_Write    stm32f4_discovery.o
    0x0800084c   0x00000018   Code   RO         2996    i.BSP_AUDIO_OUT_ChangeBuffer  stm32f4_discovery_audio.o
    0x08000864   0x00000074   Code   RO         2997    i.BSP_AUDIO_OUT_ClockConfig  stm32f4_discovery_audio.o
    0x080008d8   0x00000002   Code   RO         2998    i.BSP_AUDIO_OUT_Error_CallBack  stm32f4_discovery_audio.o
    0x080008da   0x00000002   PAD
    0x080008dc   0x00000018   Code   RO         3228    i.BSP_AUDIO_OUT_HalfTransfer_CallBack  main.o
    0x080008f4   0x0000007c   Code   RO         3000    i.BSP_AUDIO_OUT_Init  stm32f4_discovery_audio.o
    0x08000970   0x0000016c   Code   RO         3002    i.BSP_AUDIO_OUT_MspInit  stm32f4_discovery_audio.o
    0x08000adc   0x00000044   Code   RO         3004    i.BSP_AUDIO_OUT_Play  stm32f4_discovery_audio.o
    0x08000b20   0x00000028   Code   RO         3229    i.BSP_AUDIO_OUT_TransferComplete_CallBack  main.o
    0x08000b48   0x00000020   Code   RO         2845    i.BSP_LED_Off       stm32f4_discovery.o
    0x08000b68   0x00000020   Code   RO         2846    i.BSP_LED_On        stm32f4_discovery.o
    0x08000b88   0x00000010   Code   RO         3497    i.BTN_Get           buttons.o
    0x08000b98   0x00000040   Code   RO         3498    i.BTN_Init          buttons.o
    0x08000bd8   0x0000001c   Code   RO         2740    i.CODEC_IO_Write    cs43l22.o
    0x08000bf4   0x000002b4   Code   RO         3594    i.ControlCC         control.o
    0x08000ea8   0x00000010   Code   RO         3378    i.DMA1_Stream7_IRQHandler  stm32f4xx_it.o
    0x08000eb8   0x00000034   Code   RO          221    i.DMA_CalcBaseAndBitshift  stm32f4xx_hal_dma.o
    0x08000eec   0x000000aa   Code   RO          222    i.DMA_CheckFifoParam  stm32f4xx_hal_dma.o
    0x08000f96   0x0000002c   Code   RO          223    i.DMA_SetConfig     stm32f4xx_hal_dma.o
    0x08000fc2   0x00000062   Code   RO          226    i.HAL_DMA_DeInit    stm32f4xx_hal_dma.o
    0x08001024   0x00000240   Code   RO          229    i.HAL_DMA_IRQHandler  stm32f4xx_hal_dma.o
    0x08001264   0x000000ec   Code   RO          230    i.HAL_DMA_Init      stm32f4xx_hal_dma.o
    0x08001350   0x0000009e   Code   RO          234    i.HAL_DMA_Start_IT  stm32f4xx_hal_dma.o
    0x080013ee   0x00000002   PAD
    0x080013f0   0x00000028   Code   RO         2295    i.HAL_Delay         stm32f4xx_hal.o
    0x08001418   0x00000164   Code   RO         1586    i.HAL_GPIO_DeInit   stm32f4xx_hal_gpio.o
    0x0800157c   0x00000200   Code   RO         1589    i.HAL_GPIO_Init     stm32f4xx_hal_gpio.o
    0x0800177c   0x0000000c   Code   RO         1593    i.HAL_GPIO_WritePin  stm32f4xx_hal_gpio.o
    0x08001788   0x0000000c   Code   RO         2301    i.HAL_GetTick       stm32f4xx_hal.o
    0x08001794   0x00000002   Code   RO         2459    i.HAL_HCD_Connect_Callback  stm32f4xx_hal_hcd.o
    0x08001796   0x00000002   Code   RO         2461    i.HAL_HCD_Disconnect_Callback  stm32f4xx_hal_hcd.o
    0x08001798   0x00000002   Code   RO         2470    i.HAL_HCD_HC_NotifyURBChange_Callback  stm32f4xx_hal_hcd.o
    0x0800179a   0x00000166   Code   RO         2472    i.HAL_HCD_IRQHandler  stm32f4xx_hal_hcd.o
    0x08001900   0x00000002   Code   RO         2477    i.HAL_HCD_SOF_Callback  stm32f4xx_hal_hcd.o
    0x08001902   0x0000003c   Code   RO          867    i.HAL_I2C_DeInit    stm32f4xx_hal_i2c.o
    0x0800193e   0x00000008   Code   RO          875    i.HAL_I2C_GetState  stm32f4xx_hal_i2c.o
    0x08001946   0x00000002   PAD
    0x08001948   0x00000128   Code   RO          876    i.HAL_I2C_Init      stm32f4xx_hal_i2c.o
    0x08001a70   0x00000328   Code   RO          892    i.HAL_I2C_Mem_Read  stm32f4xx_hal_i2c.o
    0x08001d98   0x00000188   Code   RO          895    i.HAL_I2C_Mem_Write  stm32f4xx_hal_i2c.o
    0x08001f20   0x00000030   Code   RO         3158    i.HAL_I2C_MspDeInit  stm32f4xx_hal_msp.o
    0x08001f50   0x0000005c   Code   RO         3159    i.HAL_I2C_MspInit   stm32f4xx_hal_msp.o
    0x08001fac   0x0000028c   Code   RO          137    i.HAL_I2SEx_FullDuplex_IRQHandler  stm32f4xx_hal_i2s_ex.o
    0x08002238   0x00000002   Code   RO          141    i.HAL_I2SEx_TxRxCpltCallback  stm32f4xx_hal_i2s_ex.o
    0x0800223a   0x00000002   PAD
    0x0800223c   0x00000018   Code   RO         3012    i.HAL_I2S_ErrorCallback  stm32f4_discovery_audio.o
    0x08002254   0x00000008   Code   RO          610    i.HAL_I2S_GetState  stm32f4xx_hal_i2s.o
    0x0800225c   0x000001c4   Code   RO          612    i.HAL_I2S_Init      stm32f4xx_hal_i2s.o
    0x08002420   0x00000078   Code   RO         3161    i.HAL_I2S_MspInit   stm32f4xx_hal_msp.o
    0x08002498   0x00000002   Code   RO          618    i.HAL_I2S_RxCpltCallback  stm32f4xx_hal_i2s.o
    0x0800249a   0x00000002   PAD
    0x0800249c   0x000000e0   Code   RO          621    i.HAL_I2S_Transmit_DMA  stm32f4xx_hal_i2s.o
    0x0800257c   0x00000018   Code   RO         3013    i.HAL_I2S_TxCpltCallback  stm32f4_discovery_audio.o
    0x08002594   0x00000018   Code   RO         3014    i.HAL_I2S_TxHalfCpltCallback  stm32f4_discovery_audio.o
    0x080025ac   0x00000018   Code   RO         2305    i.HAL_IncTick       stm32f4xx_hal.o
    0x080025c4   0x0000003c   Code   RO         2306    i.HAL_Init          stm32f4xx_hal.o
    0x08002600   0x0000004c   Code   RO         2307    i.HAL_InitTick      stm32f4xx_hal.o
    0x0800264c   0x00000056   Code   RO         3162    i.HAL_MspInit       stm32f4xx_hal_msp.o
    0x080026a2   0x0000001a   Code   RO         2094    i.HAL_NVIC_EnableIRQ  stm32f4xx_hal_cortex.o
    0x080026bc   0x0000007c   Code   RO         2100    i.HAL_NVIC_SetPriority  stm32f4xx_hal_cortex.o
    0x08002738   0x00000028   Code   RO         2101    i.HAL_NVIC_SetPriorityGrouping  stm32f4xx_hal_cortex.o
    0x08002760   0x00000038   Code   RO          329    i.HAL_RCCEx_GetPeriphCLKConfig  stm32f4xx_hal_rcc_ex.o
    0x08002798   0x00000090   Code   RO          330    i.HAL_RCCEx_GetPeriphCLKFreq  stm32f4xx_hal_rcc_ex.o
    0x08002828   0x000001a0   Code   RO          331    i.HAL_RCCEx_PeriphCLKConfig  stm32f4xx_hal_rcc_ex.o
    0x080029c8   0x00000180   Code   RO         1671    i.HAL_RCC_ClockConfig  stm32f4xx_hal_rcc.o
    0x08002b48   0x0000000c   Code   RO         1676    i.HAL_RCC_GetHCLKFreq  stm32f4xx_hal_rcc.o
    0x08002b54   0x00000020   Code   RO         1678    i.HAL_RCC_GetPCLK1Freq  stm32f4xx_hal_rcc.o
    0x08002b74   0x000000b0   Code   RO         1680    i.HAL_RCC_GetSysClockFreq  stm32f4xx_hal_rcc.o
    0x08002c24   0x00000448   Code   RO         1683    i.HAL_RCC_OscConfig  stm32f4xx_hal_rcc.o
    0x0800306c   0x00000028   Code   RO         2103    i.HAL_SYSTICK_CLKSourceConfig  stm32f4xx_hal_cortex.o
    0x08003094   0x00000002   Code   RO         2104    i.HAL_SYSTICK_Callback  stm32f4xx_hal_cortex.o
    0x08003096   0x00000034   Code   RO         2105    i.HAL_SYSTICK_Config  stm32f4xx_hal_cortex.o
    0x080030ca   0x00000008   Code   RO         2106    i.HAL_SYSTICK_IRQHandler  stm32f4xx_hal_cortex.o
    0x080030d2   0x000004f2   Code   RO         2480    i.HCD_HC_IN_IRQHandler  stm32f4xx_hal_hcd.o
    0x080035c4   0x000004d0   Code   RO         2481    i.HCD_HC_OUT_IRQHandler  stm32f4xx_hal_hcd.o
    0x08003a94   0x000000d2   Code   RO         2482    i.HCD_Port_IRQHandler  stm32f4xx_hal_hcd.o
    0x08003b66   0x00000002   PAD
    0x08003b68   0x00000108   Code   RO         2483    i.HCD_RXQLVL_IRQHandler  stm32f4xx_hal_hcd.o
    0x08003c70   0x00000034   Code   RO          914    i.I2C_IsAcknowledgeFailed  stm32f4xx_hal_i2c.o
    0x08003ca4   0x00000158   Code   RO          924    i.I2C_RequestMemoryRead  stm32f4xx_hal_i2c.o
    0x08003dfc   0x000000e0   Code   RO          925    i.I2C_RequestMemoryWrite  stm32f4xx_hal_i2c.o
    0x08003edc   0x00000056   Code   RO          933    i.I2C_WaitOnBTFFlagUntilTimeout  stm32f4xx_hal_i2c.o
    0x08003f32   0x0000007c   Code   RO          934    i.I2C_WaitOnFlagUntilTimeout  stm32f4xx_hal_i2c.o
    0x08003fae   0x000000ac   Code   RO          935    i.I2C_WaitOnMasterAddressFlagUntilTimeout  stm32f4xx_hal_i2c.o
    0x0800405a   0x0000006e   Code   RO          936    i.I2C_WaitOnRXNEFlagUntilTimeout  stm32f4xx_hal_i2c.o
    0x080040c8   0x00000056   Code   RO          938    i.I2C_WaitOnTXEFlagUntilTimeout  stm32f4xx_hal_i2c.o
    0x0800411e   0x00000002   PAD
    0x08004120   0x00000014   Code   RO         2850    i.I2Cx_Error        stm32f4_discovery.o
    0x08004134   0x00000040   Code   RO         2851    i.I2Cx_Init         stm32f4_discovery.o
    0x08004174   0x000000ac   Code   RO         2852    i.I2Cx_MspInit      stm32f4_discovery.o
    0x08004220   0x00000040   Code   RO         2853    i.I2Cx_ReadData     stm32f4_discovery.o
    0x08004260   0x0000003c   Code   RO         2854    i.I2Cx_WriteData    stm32f4_discovery.o
    0x0800429c   0x00000050   Code   RO         3016    i.I2S3_Init         stm32f4_discovery_audio.o
    0x080042ec   0x000000ac   Code   RO          143    i.I2SEx_FullDuplexRx_IT  stm32f4xx_hal_i2s_ex.o
    0x08004398   0x000000a8   Code   RO          144    i.I2SEx_FullDuplexTx_IT  stm32f4xx_hal_i2s_ex.o
    0x08004440   0x0000002e   Code   RO          625    i.I2S_DMAError      stm32f4xx_hal_i2s.o
    0x0800446e   0x0000002e   Code   RO          628    i.I2S_DMATxCplt     stm32f4xx_hal_i2s.o
    0x0800449c   0x0000000e   Code   RO          629    i.I2S_DMATxHalfCplt  stm32f4xx_hal_i2s.o
    0x080044aa   0x000000e0   Code   RO          630    i.I2S_IRQHandler    stm32f4xx_hal_i2s.o
    0x0800458a   0x00000038   Code   RO          631    i.I2S_Receive_IT    stm32f4xx_hal_i2s.o
    0x080045c2   0x00000036   Code   RO          632    i.I2S_Transmit_IT   stm32f4xx_hal_i2s.o
    0x080045f8   0x0000002a   Code   RO         3791    i.LED_Dance         led.o
    0x08004622   0x00000002   PAD
    0x08004624   0x000001c0   Code   RO         3230    i.MX_GPIO_Init      main.o
    0x080047e4   0x00000010   Code   RO         2107    i.NVIC_GetPriorityGrouping  stm32f4xx_hal_cortex.o
    0x080047f4   0x00000028   Code   RO         2108    i.NVIC_SetPriority  stm32f4xx_hal_cortex.o
    0x0800481c   0x00000010   Code   RO         3379    i.OTG_FS_IRQHandler  stm32f4xx_it.o
    0x0800482c   0x000000e0   Code   RO         3815    i.PB_FTDI_Init      midi.o
    0x0800490c   0x00000028   Code   RO         3816    i.PB_FTDI_Receive   midi.o
    0x08004934   0x0000000c   Code   RO         3380    i.SysTick_Handler   stm32f4xx_it.o
    0x08004940   0x000000fc   Code   RO         3235    i.SystemClock_Config  main.o
    0x08004a3c   0x00000064   Code   RO         4102    i.SystemInit        system_stm32f4xx.o
    0x08004aa0   0x0000001c   Code   RO         3817    i.USART2_IRQHandler  midi.o
    0x08004abc   0x0000000a   Code   RO         1323    i.USB_GetMode       stm32f4xx_ll_usb.o
    0x08004ac6   0x00000148   Code   RO         1324    i.USB_HC_Halt       stm32f4xx_ll_usb.o
    0x08004c0e   0x0000000c   Code   RO         1326    i.USB_HC_ReadInterrupt  stm32f4xx_ll_usb.o
    0x08004c1a   0x0000003e   Code   RO         1329    i.USB_InitFSLSPClkSel  stm32f4xx_ll_usb.o
    0x08004c58   0x0000000c   Code   RO         1334    i.USB_ReadInterrupts  stm32f4xx_ll_usb.o
    0x08004c64   0x00000022   Code   RO         1335    i.USB_ReadPacket    stm32f4xx_ll_usb.o
    0x08004c86   0x00000002   PAD
    0x08004c88   0x00000054   Code   RO         3595    i.VelocityConnect   control.o
    0x08004cdc   0x00000004   Code   RO         3236    i._Error_Handler    main.o
    0x08004ce0   0x00000030   Code   RO         4236    i.__ARM_fpclassify  m_wm.l(fpclassify.o)
    0x08004d10   0x000000c8   Code   RO         4135    i.__hardfp_sin      m_wm.l(sin.o)
    0x08004dd8   0x00000438   Code   RO         4185    i.__ieee754_rem_pio2  m_wm.l(rred.o)
    0x08005210   0x00000170   Code   RO         4168    i.__kernel_cos      m_wm.l(cos_i.o)
    0x08005380   0x000000f8   Code   RO         4238    i.__kernel_poly     m_wm.l(poly.o)
    0x08005478   0x00000130   Code   RO         4190    i.__kernel_sin      m_wm.l(sin_i.o)
    0x080055a8   0x00000014   Code   RO         4172    i.__mathlib_dbl_infnan  m_wm.l(dunder.o)
    0x080055bc   0x00000004   PAD
    0x080055c0   0x00000020   Code   RO         4174    i.__mathlib_dbl_invalid  m_wm.l(dunder.o)
    0x080055e0   0x00000020   Code   RO         4177    i.__mathlib_dbl_underflow  m_wm.l(dunder.o)
    0x08005600   0x0000000e   Code   RO         4248    i.__scatterload_copy  mc_w.l(handlers.o)
    0x0800560e   0x00000002   Code   RO         4249    i.__scatterload_null  mc_w.l(handlers.o)
    0x08005610   0x0000000e   Code   RO         4250    i.__scatterload_zeroinit  mc_w.l(handlers.o)
    0x0800561e   0x00000002   PAD
    0x08005620   0x0000000c   Code   RO         4218    i.__set_errno       mc_w.l(errno.o)
    0x0800562c   0x000000e0   Code   RO         3956    i.alg1              algmanager.o
    0x0800570c   0x000000dc   Code   RO         3957    i.alg2              algmanager.o
    0x080057e8   0x000000dc   Code   RO         3958    i.alg3              algmanager.o
    0x080058c4   0x000000dc   Code   RO         3959    i.alg4              algmanager.o
    0x080059a0   0x000000d8   Code   RO         3960    i.alg5              algmanager.o
    0x08005a78   0x00000028   Code   RO         3961    i.algTic            algmanager.o
    0x08005aa0   0x00000030   Code   RO         3962    i.algsConnect       algmanager.o
    0x08005ad0   0x0000002c   Code   RO         3667    i.attackSet         envelope.o
    0x08005afc   0x00000070   Code   RO         3596    i.btnCount          control.o
    0x08005b6c   0x0000004c   Code   RO         3533    i.castOutput        outputmixer.o
    0x08005bb8   0x00000008   Code   RO         2741    i.cs43l22_DeInit    cs43l22.o
    0x08005bc0   0x00000104   Code   RO         2742    i.cs43l22_Init      cs43l22.o
    0x08005cc4   0x00000020   Code   RO         2743    i.cs43l22_Pause     cs43l22.o
    0x08005ce4   0x00000048   Code   RO         2744    i.cs43l22_Play      cs43l22.o
    0x08005d2c   0x0000001a   Code   RO         2745    i.cs43l22_ReadID    cs43l22.o
    0x08005d46   0x00000006   Code   RO         2746    i.cs43l22_Reset     cs43l22.o
    0x08005d4c   0x00000048   Code   RO         2747    i.cs43l22_Resume    cs43l22.o
    0x08005d94   0x00000006   Code   RO         2748    i.cs43l22_SetFrequency  cs43l22.o
    0x08005d9a   0x00000002   PAD
    0x08005d9c   0x00000060   Code   RO         2749    i.cs43l22_SetMute   cs43l22.o
    0x08005dfc   0x00000088   Code   RO         2750    i.cs43l22_SetOutputMode  cs43l22.o
    0x08005e84   0x0000006c   Code   RO         2751    i.cs43l22_SetVolume  cs43l22.o
    0x08005ef0   0x00000038   Code   RO         2752    i.cs43l22_Stop      cs43l22.o
    0x08005f28   0x00000034   Code   RO         3668    i.decaySet          envelope.o
    0x08005f5c   0x0000003e   Code   RO         3669    i.envCalc           envelope.o
    0x08005f9a   0x00000002   PAD
    0x08005f9c   0x0000003c   Code   RO         3670    i.envInit           envelope.o
    0x08005fd8   0x0000003a   Code   RO         3671    i.envSet            envelope.o
    0x08006012   0x00000002   PAD
    0x08006014   0x000000c8   Code   RO         3672    i.envState          envelope.o
    0x080060dc   0x00000066   Code   RO         3673    i.envTic            envelope.o
    0x08006142   0x00000018   Code   RO         4232    i.fabs              m_wm.l(fabs.o)
    0x0800615a   0x00000002   PAD
    0x0800615c   0x00000098   Code   RO         3421    i.generateSineTable  oscillator.o
    0x080061f4   0x000000a8   Code   RO         3913    i.linkVoxParamaters  voxmanager.o
    0x0800629c   0x000000cc   Code   RO         3237    i.main              main.o
    0x08006368   0x00000002   Code   RO         3818    i.midiInit          midi.o
    0x0800636a   0x00000002   PAD
    0x0800636c   0x00000018   Code   RO         3733    i.noteToFreq        notetable.o
    0x08006384   0x0000003c   Code   RO         3963    i.opConnect         algmanager.o
    0x080063c0   0x00000034   Code   RO         3964    i.opInit            algmanager.o
    0x080063f4   0x0000000e   Code   RO         3564    i.opSet             operator.o
    0x08006402   0x00000068   Code   RO         3565    i.opTic             operator.o
    0x0800646a   0x00000020   Code   RO         3965    i.opTicker          algmanager.o
    0x0800648a   0x00000002   PAD
    0x0800648c   0x00000030   Code   RO         3422    i.oscInit           oscillator.o
    0x080064bc   0x00000014   Code   RO         3423    i.oscSetFreq        oscillator.o
    0x080064d0   0x00000024   Code   RO         3424    i.oscSetPhaseInc    oscillator.o
    0x080064f4   0x00000064   Code   RO         3425    i.oscTic            oscillator.o
    0x08006558   0x000000d4   Code   RO         4037    i.preset1           presets.o
    0x0800662c   0x000000dc   Code   RO         4038    i.preset2           presets.o
    0x08006708   0x000000dc   Code   RO         4039    i.preset3           presets.o
    0x080067e4   0x000000dc   Code   RO         4040    i.preset4           presets.o
    0x080068c0   0x000000dc   Code   RO         4041    i.preset5           presets.o
    0x0800699c   0x00000030   Code   RO         4042    i.presetsConnect    presets.o
    0x080069cc   0x00000028   Code   RO         3819    i.processControlChange  midi.o
    0x080069f4   0x00000040   Code   RO         3820    i.processNote       midi.o
    0x08006a34   0x00000028   Code   RO         3821    i.processPitchBend  midi.o
    0x08006a5c   0x00000014   Code   RO         3823    i.readEnableUART2   midi.o
    0x08006a70   0x00000038   Code   RO         3824    i.readMIDI          midi.o
    0x08006aa8   0x00000034   Code   RO         3674    i.releaseSet        envelope.o
    0x08006adc   0x00000024   Code   RO         3825    i.resetEnv          midi.o
    0x08006b00   0x00000028   Code   RO         3598    i.scale127          control.o
    0x08006b28   0x00000024   Code   RO         4043    i.selectSound       presets.o
    0x08006b4c   0x0000003c   Code   RO         3914    i.setCarrierForVoice  voxmanager.o
    0x08006b88   0x0000002a   Code   RO         3754    i.synthInit         synth.o
    0x08006bb2   0x00000002   PAD
    0x08006bb4   0x00000054   Code   RO         3755    i.synthTic          synth.o
    0x08006c08   0x00000078   Code   RO         3915    i.voxReset          voxmanager.o
    0x08006c80   0x00000030   Code   RO         3916    i.voxTicker         voxmanager.o
    0x08006cb0   0x00000008   Data   RO          236    .constdata          stm32f4xx_hal_dma.o
    0x08006cb8   0x0000000b   Data   RO         2860    .constdata          stm32f4_discovery.o
    0x08006cc3   0x00000001   PAD
    0x08006cc4   0x00000060   Data   RO         3018    .constdata          stm32f4_discovery_audio.o
    0x08006d24   0x000001ac   Data   RO         3734    .constdata          notetable.o
    0x08006ed0   0x00000018   Data   RO         4103    .constdata          system_stm32f4xx.o
    0x08006ee8   0x00000030   Data   RO         4169    .constdata          m_wm.l(cos_i.o)
    0x08006f18   0x000000c8   Data   RO         4187    .constdata          m_wm.l(rred.o)
    0x08006fe0   0x00000028   Data   RO         4191    .constdata          m_wm.l(sin_i.o)
    0x08007008   0x00000020   Data   RO         4246    Region$$Table       anon$$obj.o


    Execution Region RW_IRAM1 (Base: 0x20000000, Size: 0x000119c0, Max: 0x00020000, ABSOLUTE)

    Base Addr    Size         Type   Attr      Idx    E Section Name        Object

    0x20000000   0x00000009   Data   RW         2313    .data               stm32f4xx_hal.o
    0x20000009   0x00000003   PAD
    0x2000000c   0x00000032   Data   RW         2753    .data               cs43l22.o
    0x2000003e   0x00000002   PAD
    0x20000040   0x0000001c   Data   RW         2861    .data               stm32f4_discovery.o
    0x2000005c   0x00000006   Data   RW         3019    .data               stm32f4_discovery_audio.o
    0x20000062   0x00000002   PAD
    0x20000064   0x0000000a   Data   RW         3239    .data               main.o
    0x2000006e   0x00000002   PAD
    0x20000070   0x00000004   Data   RW         3599    .data               control.o
    0x20000074   0x0000000c   Data   RW         3827    .data               midi.o
    0x20000080   0x00000004   Data   RW         4104    .data               system_stm32f4xx.o
    0x20000084   0x00000004   Data   RW         4219    .data               mc_w.l(errno.o)
    0x20000088   0x000000ac   Zero   RW         2859    .bss                stm32f4_discovery.o
    0x20000134   0x00000194   Zero   RW         3017    .bss                stm32f4_discovery_audio.o
    0x200002c8   0x00000b8c   Zero   RW         3238    .bss                main.o
    0x20000e54   0x00010000   Zero   RW         3426    .bss                oscillator.o
    0x20010e54   0x0000000c   Zero   RW         3534    .bss                outputmixer.o
    0x20010e60   0x00000228   Zero   RW         3826    .bss                midi.o
    0x20011088   0x00000520   Zero   RW         3966    .bss                algmanager.o
    0x200115a8   0x00000018   Zero   RW         4044    .bss                presets.o
    0x200115c0   0x00000400   Zero   RW            1    STACK               startup_stm32f407xx.o

